
 Start         Length     Name                   Class
 0001:00000000 0009467CH .text                   CODE
 0002:00000000 000034F0H .data                   DATA
 0002:000034F0 000018E1H .bss                    BSS


Detailed map of segments

 0001:00000000 000058DB C=CODE     S=.text    G=(none)   M=System   ACBP=A9
 0001:000058DC 00000140 C=CODE     S=.text    G=(none)   M=SysInit  ACBP=A9
 0001:00005A1C 00000090 C=CODE     S=.text    G=(none)   M=Types    ACBP=A9
 0001:00005AAC 00000F81 C=CODE     S=.text    G=(none)   M=Windows  ACBP=A9
 0001:00006A30 00000338 C=CODE     S=.text    G=(none)   M=SysConst ACBP=A9
 0001:00006D68 000073EC C=CODE     S=.text    G=(none)   M=SysUtils ACBP=A9
 0001:0000E154 00000038 C=CODE     S=.text    G=(none)   M=Messages ACBP=A9
 0001:0000E18C 000007FF C=CODE     S=.text    G=(none)   M=VarUtils ACBP=A9
 0001:0000E98C 00002A3A C=CODE     S=.text    G=(none)   M=Variants ACBP=A9
 0001:000113C8 00000170 C=CODE     S=.text    G=(none)   M=RTLConsts ACBP=A9
 0001:00011538 00000BD0 C=CODE     S=.text    G=(none)   M=TypInfo  ACBP=A9
 0001:00012108 00000038 C=CODE     S=.text    G=(none)   M=ActiveX  ACBP=A9
 0001:00012140 0000A5EE C=CODE     S=.text    G=(none)   M=Classes  ACBP=A9
 0001:0001C730 00000038 C=CODE     S=.text    G=(none)   M=ETypes   ACBP=A9
 0001:0001C768 000014D0 C=CODE     S=.text    G=(none)   M=EConsts  ACBP=A9
 0001:0001DC38 0000308C C=CODE     S=.text    G=(none)   M=ECore    ACBP=A9
 0001:00020CC4 00000040 C=CODE     S=.text    G=(none)   M=ShellAPI ACBP=A9
 0001:00020D04 000000A0 C=CODE     S=.text    G=(none)   M=WinSock  ACBP=A9
 0001:00020DA4 000014DC C=CODE     S=.text    G=(none)   M=EHook    ACBP=A9
 0001:00022280 000000C4 C=CODE     S=.text    G=(none)   M=ELang    ACBP=A9
 0001:00022344 0000158C C=CODE     S=.text    G=(none)   M=ESockets ACBP=A9
 0001:000238D0 000051D4 C=CODE     S=.text    G=(none)   M=EZLib    ACBP=A9
 0001:00028AA4 00000D3C C=CODE     S=.text    G=(none)   M=EEncrypt ACBP=A9
 0001:000297E0 000001A8 C=CODE     S=.text    G=(none)   M=EBase64  ACBP=A9
 0001:00029988 00000934 C=CODE     S=.text    G=(none)   M=ETarGZip ACBP=A9
 0001:0002A2BC 0000223C C=CODE     S=.text    G=(none)   M=EWebTools ACBP=A9
 0001:0002C4F8 000005A4 C=CODE     S=.text    G=(none)   M=EXMLBuilder ACBP=A9
 0001:0002CA9C 000031EC C=CODE     S=.text    G=(none)   M=ELogManager ACBP=A9
 0001:0002FC88 00001320 C=CODE     S=.text    G=(none)   M=EListView ACBP=A9
 0001:00030FA8 0001B07C C=CODE     S=.text    G=(none)   M=ExceptionLog ACBP=A9
 0001:0004C024 00000068 C=CODE     S=.text    G=(none)   M=IniFiles ACBP=A9
 0001:0004C08C 000005B8 C=CODE     S=.text    G=(none)   M=Registry ACBP=A9
 0001:0004C644 00000278 C=CODE     S=.text    G=(none)   M=Consts   ACBP=A9
 0001:0004C8BC 00008E6B C=CODE     S=.text    G=(none)   M=Graphics ACBP=A9
 0001:00055728 00000038 C=CODE     S=.text    G=(none)   M=Math     ACBP=A9
 0001:00055760 000002B0 C=CODE     S=.text    G=(none)   M=Contnrs  ACBP=A9
 0001:00055A10 000000D0 C=CODE     S=.text    G=(none)   M=CommCtrl ACBP=A9
 0001:00055AE0 00000783 C=CODE     S=.text    G=(none)   M=MultiMon ACBP=A9
 0001:00056264 00000038 C=CODE     S=.text    G=(none)   M=Imm      ACBP=A9
 0001:0005629C 000010F8 C=CODE     S=.text    G=(none)   M=HelpIntfs ACBP=A9
 0001:00057394 00000038 C=CODE     S=.text    G=(none)   M=WinSpool ACBP=A9
 0001:000573CC 00000044 C=CODE     S=.text    G=(none)   M=Printers ACBP=A9
 0001:00057410 0000031F C=CODE     S=.text    G=(none)   M=FlatSB   ACBP=A9
 0001:00057730 000001A4 C=CODE     S=.text    G=(none)   M=SyncObjs ACBP=A9
 0001:000578D4 000009BB C=CODE     S=.text    G=(none)   M=UxTheme  ACBP=A9
 0001:00058290 00000ADC C=CODE     S=.text    G=(none)   M=Themes   ACBP=A9
 0001:00058D6C 00002E34 C=CODE     S=.text    G=(none)   M=StdCtrls ACBP=A9
 0001:0005BBA0 00000038 C=CODE     S=.text    G=(none)   M=RegStr   ACBP=A9
 0001:0005BBD8 00000038 C=CODE     S=.text    G=(none)   M=WinInet  ACBP=A9
 0001:0005BC10 00000038 C=CODE     S=.text    G=(none)   M=UrlMon   ACBP=A9
 0001:0005BC48 0000006C C=CODE     S=.text    G=(none)   M=ShlObj   ACBP=A9
 0001:0005BCB4 00000040 C=CODE     S=.text    G=(none)   M=CommDlg  ACBP=A9
 0001:0005BCF4 00000DDB C=CODE     S=.text    G=(none)   M=GraphUtil ACBP=A9
 0001:0005CAD0 0000033C C=CODE     S=.text    G=(none)   M=ExtCtrls ACBP=A9
 0001:0005CE0C 00000038 C=CODE     S=.text    G=(none)   M=Dlgs     ACBP=A9
 0001:0005CE44 00001945 C=CODE     S=.text    G=(none)   M=Dialogs  ACBP=A9
 0001:0005E78C 000006A4 C=CODE     S=.text    G=(none)   M=Clipbrd  ACBP=A9
 0001:0005EE30 000000FC C=CODE     S=.text    G=(none)   M=StrUtils ACBP=A9
 0001:0005EF2C 00000168 C=CODE     S=.text    G=(none)   M=StdActns ACBP=A9
 0001:0005F094 00011C1F C=CODE     S=.text    G=(none)   M=Controls ACBP=A9
 0001:00070CB4 000012B6 C=CODE     S=.text    G=(none)   M=ActnList ACBP=A9
 0001:00071F6C 000016F0 C=CODE     S=.text    G=(none)   M=ImgList  ACBP=A9
 0001:0007365C 00006951 C=CODE     S=.text    G=(none)   M=Menus    ACBP=A9
 0001:00079FB0 0000D894 C=CODE     S=.text    G=(none)   M=Forms    ACBP=A9
 0001:00087844 00000A34 C=CODE     S=.text    G=(none)   M=MaskUtils ACBP=A9
 0001:00088278 0000214C C=CODE     S=.text    G=(none)   M=Mask     ACBP=A9
 0001:0008A3C4 00009400 C=CODE     S=.text    G=(none)   M=Grids    ACBP=A9
 0001:000937C4 00000244 C=CODE     S=.text    G=(none)   M=EncdDecd ACBP=A9
 0001:00093A08 000009CC C=CODE     S=.text    G=(none)   M=Unit1    ACBP=A9
 0001:000943D4 000002A5 C=CODE     S=.text    G=(none)   M=Test8010 ACBP=A9
 0002:00000000 000000A4 C=DATA     S=.data    G=DGROUP   M=System   ACBP=A9
 0002:000000A4 00000020 C=DATA     S=.data    G=DGROUP   M=SysInit  ACBP=A9
 0002:000000C4 00000250 C=DATA     S=.data    G=DGROUP   M=SysUtils ACBP=A9
 0002:00000314 00000008 C=DATA     S=.data    G=DGROUP   M=VarUtils ACBP=A9
 0002:0000031C 0000008E C=DATA     S=.data    G=DGROUP   M=Variants ACBP=A9
 0002:000003AC 0000000C C=DATA     S=.data    G=DGROUP   M=TypInfo  ACBP=A9
 0002:000003B8 00000080 C=DATA     S=.data    G=DGROUP   M=Classes  ACBP=A9
 0002:00000438 000003B4 C=DATA     S=.data    G=DGROUP   M=EConsts  ACBP=A9
 0002:000007EC 00000024 C=DATA     S=.data    G=DGROUP   M=ECore    ACBP=A9
 0002:00000810 00000180 C=DATA     S=.data    G=DGROUP   M=EHook    ACBP=A9
 0002:00000990 00001674 C=DATA     S=.data    G=DGROUP   M=EZLib    ACBP=A9
 0002:00002004 00000040 C=DATA     S=.data    G=DGROUP   M=EBase64  ACBP=A9
 0002:00002044 00000012 C=DATA     S=.data    G=DGROUP   M=ETarGZip ACBP=A9
 0002:00002058 000000E0 C=DATA     S=.data    G=DGROUP   M=EWebTools ACBP=A9
 0002:00002138 00000020 C=DATA     S=.data    G=DGROUP   M=EXMLBuilder ACBP=A9
 0002:00002158 000000A0 C=DATA     S=.data    G=DGROUP   M=ExceptionLog ACBP=A9
 0002:000021F8 00000008 C=DATA     S=.data    G=DGROUP   M=IniFiles ACBP=A9
 0002:00002200 00000008 C=DATA     S=.data    G=DGROUP   M=Registry ACBP=A9
 0002:00002208 00000310 C=DATA     S=.data    G=DGROUP   M=Graphics ACBP=A9
 0002:00002518 00000004 C=DATA     S=.data    G=DGROUP   M=Printers ACBP=A9
 0002:0000251C 00000068 C=DATA     S=.data    G=DGROUP   M=Themes   ACBP=A9
 0002:00002584 00000070 C=DATA     S=.data    G=DGROUP   M=StdCtrls ACBP=A9
 0002:000025F4 00000450 C=DATA     S=.data    G=DGROUP   M=GraphUtil ACBP=A9
 0002:00002A44 000000D4 C=DATA     S=.data    G=DGROUP   M=Dialogs  ACBP=A9
 0002:00002B18 0000013C C=DATA     S=.data    G=DGROUP   M=Controls ACBP=A9
 0002:00002C54 00000020 C=DATA     S=.data    G=DGROUP   M=ImgList  ACBP=A9
 0002:00002C74 000000F4 C=DATA     S=.data    G=DGROUP   M=Menus    ACBP=A9
 0002:00002D68 00000120 C=DATA     S=.data    G=DGROUP   M=Forms    ACBP=A9
 0002:00002E88 00000009 C=DATA     S=.data    G=DGROUP   M=MaskUtils ACBP=A9
 0002:00002E94 00000004 C=DATA     S=.data    G=DGROUP   M=Mask     ACBP=A9
 0002:00002E98 00000006 C=DATA     S=.data    G=DGROUP   M=Grids    ACBP=A9
 0002:00002EA0 00000200 C=DATA     S=.data    G=DGROUP   M=EncdDecd ACBP=A9
 0002:00004000 00000664 C=BSS      S=.bss     G=DGROUP   M=System   ACBP=A9
 0002:00004664 00000010 C=BSS      S=.bss     G=DGROUP   M=SysInit  ACBP=A9
 0002:00004674 00000004 C=BSS      S=.bss     G=DGROUP   M=Types    ACBP=A9
 0002:00004678 00000008 C=BSS      S=.bss     G=DGROUP   M=Windows  ACBP=A9
 0002:00004680 00000004 C=BSS      S=.bss     G=DGROUP   M=SysConst ACBP=A9
 0002:00004684 00000120 C=BSS      S=.bss     G=DGROUP   M=SysUtils ACBP=A9
 0002:000047A4 00000004 C=BSS      S=.bss     G=DGROUP   M=Messages ACBP=A9
 0002:000047A8 0000005C C=BSS      S=.bss     G=DGROUP   M=VarUtils ACBP=A9
 0002:00004804 00000040 C=BSS      S=.bss     G=DGROUP   M=Variants ACBP=A9
 0002:00004844 00000004 C=BSS      S=.bss     G=DGROUP   M=RTLConsts ACBP=A9
 0002:00004848 00000004 C=BSS      S=.bss     G=DGROUP   M=TypInfo  ACBP=A9
 0002:0000484C 00000004 C=BSS      S=.bss     G=DGROUP   M=ActiveX  ACBP=A9
 0002:00004850 00000044 C=BSS      S=.bss     G=DGROUP   M=Classes  ACBP=A9
 0002:00004894 00000004 C=BSS      S=.bss     G=DGROUP   M=ETypes   ACBP=A9
 0002:00004898 00000004 C=BSS      S=.bss     G=DGROUP   M=EConsts  ACBP=A9
 0002:0000489C 00000009 C=BSS      S=.bss     G=DGROUP   M=ECore    ACBP=A9
 0002:000048A8 00000004 C=BSS      S=.bss     G=DGROUP   M=ShellAPI ACBP=A9
 0002:000048AC 00000004 C=BSS      S=.bss     G=DGROUP   M=WinSock  ACBP=A9
 0002:000048B0 00000010 C=BSS      S=.bss     G=DGROUP   M=EHook    ACBP=A9
 0002:000048C0 00000004 C=BSS      S=.bss     G=DGROUP   M=ELang    ACBP=A9
 0002:000048C4 00000004 C=BSS      S=.bss     G=DGROUP   M=ESockets ACBP=A9
 0002:000048C8 00000004 C=BSS      S=.bss     G=DGROUP   M=EZLib    ACBP=A9
 0002:000048CC 0000001C C=BSS      S=.bss     G=DGROUP   M=EEncrypt ACBP=A9
 0002:000048E8 00000004 C=BSS      S=.bss     G=DGROUP   M=EBase64  ACBP=A9
 0002:000048EC 00000404 C=BSS      S=.bss     G=DGROUP   M=ETarGZip ACBP=A9
 0002:00004CF0 00000048 C=BSS      S=.bss     G=DGROUP   M=EWebTools ACBP=A9
 0002:00004D38 00000004 C=BSS      S=.bss     G=DGROUP   M=EXMLBuilder ACBP=A9
 0002:00004D3C 00000004 C=BSS      S=.bss     G=DGROUP   M=ELogManager ACBP=A9
 0002:00004D40 00000004 C=BSS      S=.bss     G=DGROUP   M=EListView ACBP=A9
 0002:00004D44 000008B0 C=BSS      S=.bss     G=DGROUP   M=ExceptionLog ACBP=A9
 0002:000055F4 00000004 C=BSS      S=.bss     G=DGROUP   M=IniFiles ACBP=A9
 0002:000055F8 00000004 C=BSS      S=.bss     G=DGROUP   M=Registry ACBP=A9
 0002:000055FC 00000004 C=BSS      S=.bss     G=DGROUP   M=Consts   ACBP=A9
 0002:00005600 00000060 C=BSS      S=.bss     G=DGROUP   M=Graphics ACBP=A9
 0002:00005660 00000004 C=BSS      S=.bss     G=DGROUP   M=Math     ACBP=A9
 0002:00005664 00000004 C=BSS      S=.bss     G=DGROUP   M=Contnrs  ACBP=A9
 0002:00005668 00000004 C=BSS      S=.bss     G=DGROUP   M=CommCtrl ACBP=A9
 0002:0000566C 00000031 C=BSS      S=.bss     G=DGROUP   M=MultiMon ACBP=A9
 0002:000056A0 00000004 C=BSS      S=.bss     G=DGROUP   M=Imm      ACBP=A9
 0002:000056A4 00000008 C=BSS      S=.bss     G=DGROUP   M=HelpIntfs ACBP=A9
 0002:000056AC 00000004 C=BSS      S=.bss     G=DGROUP   M=WinSpool ACBP=A9
 0002:000056B0 00000004 C=BSS      S=.bss     G=DGROUP   M=Printers ACBP=A9
 0002:000056B4 00000034 C=BSS      S=.bss     G=DGROUP   M=FlatSB   ACBP=A9
 0002:000056E8 00000004 C=BSS      S=.bss     G=DGROUP   M=SyncObjs ACBP=A9
 0002:000056EC 000000CC C=BSS      S=.bss     G=DGROUP   M=UxTheme  ACBP=A9
 0002:000057B8 00000008 C=BSS      S=.bss     G=DGROUP   M=Themes   ACBP=A9
 0002:000057C0 00000004 C=BSS      S=.bss     G=DGROUP   M=StdCtrls ACBP=A9
 0002:000057C4 00000004 C=BSS      S=.bss     G=DGROUP   M=RegStr   ACBP=A9
 0002:000057C8 00000004 C=BSS      S=.bss     G=DGROUP   M=WinInet  ACBP=A9
 0002:000057CC 00000004 C=BSS      S=.bss     G=DGROUP   M=UrlMon   ACBP=A9
 0002:000057D0 00000004 C=BSS      S=.bss     G=DGROUP   M=ShlObj   ACBP=A9
 0002:000057D4 00000004 C=BSS      S=.bss     G=DGROUP   M=CommDlg  ACBP=A9
 0002:000057D8 00000004 C=BSS      S=.bss     G=DGROUP   M=GraphUtil ACBP=A9
 0002:000057DC 00000004 C=BSS      S=.bss     G=DGROUP   M=ExtCtrls ACBP=A9
 0002:000057E0 00000004 C=BSS      S=.bss     G=DGROUP   M=Dlgs     ACBP=A9
 0002:000057E4 0000000C C=BSS      S=.bss     G=DGROUP   M=Dialogs  ACBP=A9
 0002:000057F0 0000000C C=BSS      S=.bss     G=DGROUP   M=Clipbrd  ACBP=A9
 0002:000057FC 00000004 C=BSS      S=.bss     G=DGROUP   M=StrUtils ACBP=A9
 0002:00005800 00000004 C=BSS      S=.bss     G=DGROUP   M=StdActns ACBP=A9
 0002:00005804 00000080 C=BSS      S=.bss     G=DGROUP   M=Controls ACBP=A9
 0002:00005884 00000004 C=BSS      S=.bss     G=DGROUP   M=ActnList ACBP=A9
 0002:00005888 0000000C C=BSS      S=.bss     G=DGROUP   M=ImgList  ACBP=A9
 0002:00005894 00000010 C=BSS      S=.bss     G=DGROUP   M=Menus    ACBP=A9
 0002:000058A4 00000024 C=BSS      S=.bss     G=DGROUP   M=Forms    ACBP=A9
 0002:000058C8 00000004 C=BSS      S=.bss     G=DGROUP   M=MaskUtils ACBP=A9
 0002:000058CC 00000004 C=BSS      S=.bss     G=DGROUP   M=Mask     ACBP=A9
 0002:000058D0 00000004 C=BSS      S=.bss     G=DGROUP   M=Grids    ACBP=A9
 0002:000058D4 00000004 C=BSS      S=.bss     G=DGROUP   M=EncdDecd ACBP=A9
 0002:000058D8 00000008 C=BSS      S=.bss     G=DGROUP   M=Unit1    ACBP=A9


  Address         Publics by Name

 0002:00000A0C       ..
 0002:00000A5C       ..
 0002:0000146C       ..
 0001:00026C14       ..
 0002:00001598       ..
 0002:000009B8       ..
 0002:0000589C       .01
 0002:000056D4       .1
 0002:000048C0       .1
 0002:00004844       .1
 0002:000056A0       .1
 0002:00004894       .1
 0002:0000466C       .1
 0002:00004674       .1
 0002:000057C4       .1
 0002:000057C8       .1
 0002:0000568C       .1
 0002:000057CC       .1
 0002:000057D0       .1
 0002:00005668       .1
 0002:000057D4       .1
 0002:000057A8       .1
 0002:00004CF0       .1
 0002:000058D4       .1
 0002:000047A4       .1
 0002:000048E8       .1
 0002:000048AC       .1
 0002:000057FC       .1
 0002:000057E0       .1
 0002:000048B0       .1
 0002:000055FC       .1
 0002:00004680       .1
 0002:000048CC       .1
 0002:000048A8       .1
 0002:000058D0       .11
 0002:000057E4       .11
 0002:00005604       .12
 0002:000058DC       .2
 0002:000057B8       .2
 0002:000057D8       .2
 0002:00004D40       .2
 0002:000048C8       .2
 0002:000056A4       .2
 0002:000048A0       .2
 0002:000058C8       .2
 0002:000057F4       .2
 0002:00005660       .2
 0002:00005888       .3
 0002:00004D3C       .3
 0002:0000484C       .3
 0002:00004D38       .3
 0002:000048EC       .3
 0002:000056AC       .3
 0002:000056B0       .3
 0002:00004678       .3
 0002:00005664       .31
 0002:000057DC       .32
 0002:00004794       .35
 0002:00004898       .4
 0002:000048C4       .4
 0002:000058AC       .41
 0002:000057C0       .42
 0002:000058CC       .5
 0002:000055F8       .5
 0002:00004800       .5
 0002:00004848       .6
 0002:000045BC       .6
 0002:000056E8       .7
 0002:000055F4       .8
 0002:00004D60       .8
 0002:00004824       .81
 0002:00005800       .83
 0002:00005884       .9
 0002:0000580C       .92
 0002:0000485C       .95
 0001:00001C78       @AbstractError
 0001:00004418       @AddRefArray
 0001:000043D0       @AddRefRecord
 0001:00002C78       @AfterConstruction
 0001:00002AAC       @AsClass
 0001:00003744       @Assert
 0001:000020E4       @AStrCmp
 0001:00002CC8       @BeforeDestruction
 0001:00002AF8       @CallDynaInst
 0001:00005324       @CheckAutoResult
 0001:00002C20       @ClassCreate
 0001:00002C70       @ClassDestroy
 0001:00001FB0       @Close
 0001:000018C4       @Copy
 0001:0000460C       @CopyArray
 0001:000044F0       @CopyRecord
 0001:00004724       @DispCallByIDError
 0001:0000F42C       @DispInvokeError
 0001:00004714       @Dispose
 0001:00003208       @DoneExcept
 0001:00004B94       @DynArrayAddRef
 0001:00004B6C       @DynArrayAsg
 0001:00004B30       @DynArrayClear
 0001:00004970       @DynArrayHigh
 0001:00004968       @DynArrayLength
 0001:00004B24       @DynArraySetLength
 0001:000032F0       @ExceptionHandler
 0001:00002154       @FillChar
 0001:000043C4       @Finalize
 0001:000042D8       @FinalizeArray
 0001:0000428C       @FinalizeRecord
 0001:00002B10       @FindDynaInst
 0001:00001FA4       @Flush
 0001:00002838       @FpuInit
 0001:00002774       @FpuMaskInit
 0001:0000174C       @FreeMem
 0001:0000172C       @GetMem
 0001:00005954       @GetTls
 0001:0000372C       @Halt
 0001:00003650       @Halt0
 0001:00002DDC       @HandleAnyException
 0001:000030C8       @HandleAutoException
 0001:00003090       @HandleFinally
 0001:00002F08       @HandleOnException
 0001:00024E58       @inflate_fast
 0001:000267A0       @inflate_table
 0001:000059A0       @InitExe
 0001:00004280       @Initialize
 0001:000041EC       @InitializeArray
 0001:000041BC       @InitializeRecord
 0001:0000350C       @InitImports
 0001:000034E4       @InitResStringImports
 0001:00001980       @Insert
 0001:00005288       @IntfAddRef
 0001:00005258       @IntfCast
 0001:00005214       @IntfClear
 0001:0000522C       @IntfCopy
 0001:00002A88       @IsClass
 0001:00002744       @isNECWindows
 0001:00001908       @LGetDir
 0001:00003CB4       @LStrAddRef
 0001:0000380C       @LStrArrayClr
 0001:0000383C       @LStrAsg
 0001:00003ACC       @LStrCat
 0001:00003B10       @LStrCat3
 0001:00003B84       @LStrCatN
 0001:000037E8       @LStrClr
 0001:00003C10       @LStrCmp
 0001:00003D24       @LStrCopy
 0001:00003D64       @LStrDelete
 0001:00003A58       @LStrFromArray
 0001:000039D0       @LStrFromChar
 0001:000039E0       @LStrFromPChar
 0001:000038D8       @LStrFromPCharLen
 0001:00003A10       @LStrFromPWChar
 0001:00003944       @LStrFromPWCharLen
 0001:00003A4C       @LStrFromString
 0001:00003A70       @LStrFromWArray
 0001:00003A8C       @LStrFromWStr
 0001:00003DAC       @LStrInsert
 0001:00003880       @LStrLAsg
 0001:00003AC4       @LStrLen
 0001:00003E50       @LStrSetLength
 0001:00003CC4       @LStrToPChar
 0001:00003AA0       @LStrToString
 0001:00004700       @New
 0001:000038AC       @NewAnsiString
 0001:00003EE4       @NewWideString
 0001:00002458       @Pow10
 0001:00002060       @PStrCmp
 0001:00002038       @PStrCpy
 0001:00002008       @PStrNCat
 0001:00002044       @PStrNCpy
 0001:000031B4       @RaiseAgain
 0001:0000318C       @RaiseExcept
 0001:0000176C       @ReallocMem
 0001:00001CEC       @RewritText
 0001:00001C48       @ROUND
 0001:00003738       @RunError
 0001:00001C04       @SetLength
 0001:000034A4       @StartExe
 0001:000002F4       @strlen
 0001:00001C54       @TRUNC
 0001:00003238       @TryFinallyExit
 0001:00003D1C       @UniqueStringA
 0001:00004750       @ValInt64
 0001:000021F0       @ValLong
 0001:00010B18       @VarAddRef
 0001:00004400       @VarAddRef
 0001:0000F718       @VarClear
 0001:000042C0       @VarClr
 0001:0000F72C       @VarClr
 0001:0000FA40       @VarCopy
 0001:000044D8       @VarCopy
 0001:00010A50       @VarFromBool
 0001:00010AA0       @VarFromCurr
 0001:000109E8       @VarFromInt
 0001:00010A24       @VarFromInt64
 0001:00010AB4       @VarFromLStr
 0001:00010A78       @VarFromReal
 0001:00010A8C       @VarFromTDateTime
 0001:00010AE0       @VarFromWStr
 0001:0000F480       @VarNull
 0001:0000FD74       @VarToLStr
 0001:00010494       @VarToWStr
 0001:00003EB4       @Write0LString
 0001:00002308       @WriteBytes
 0001:000023D8       @WriteLn
 0001:00003EBC       @WriteLString
 0001:0000235C       @WriteSpaces
 0001:0000419C       @WStrAddRef
 0001:00003F24       @WStrArrayClr
 0001:00003F48       @WStrAsg
 0001:00003F0C       @WStrClr
 0001:00004088       @WStrCmp
 0001:0000410C       @WStrCopy
 0001:0000405C       @WStrFromLStr
 0001:00003F70       @WStrFromPCharLen
 0001:00004020       @WStrFromPWChar
 0001:00003FFC       @WStrFromPWCharLen
 0001:0000407C       @WStrLen
 0001:00004158       @WStrSetLength
 0001:0000406C       @WStrToPWChar
 0001:0000242C       @_CLenToPasStr
 0001:00002420       @_CToPasStr
 0001:00001894       @_IOTest
 0001:0000472C       @_llmul
 0001:00027E0C       @_tr_align
 0001:000280D8       @_tr_flush_block
 0001:00026C18       @_tr_init
 0001:00027D50       @_tr_stored_block
 0001:0000C064       Abort
 0001:00061FCC       AbsMin
 0001:0000C3E4       AbstractErrorHandler
 0002:0000402C       AbstractErrorProc
 0002:00000148       AccessMode
 0001:000017FC       AcquireExceptionObject
 0001:0003D308       ActicatePage
 0001:0001458C       ActivateClassGroup
 0002:00004EC0       ActivateEurekaLog
 0001:00006190       ActivateKeyboardLayout
 0002:00005840       ActiveDrag
 0001:00012138       ActiveX
 0001:00071F40       ActnList
 0001:00000428       AddBlockAfter
 0001:000477D0       AddCallerCallStack
 0001:0003F774       AddColor
 0001:00039DEC       AddCustomHeaderToLog
 0002:000003B8       AddDataModule
 0001:00022FD0       AddDNS
 0001:00007A2C       AddExitProc
 0001:00017B04       AddFinished
 0001:000752B4       AddIn
 0001:00038E24       AddModule
 0001:000050A4       AddModuleUnloadProc
 0001:000050B4       AddModuleUnloadProc
 0001:00017B3C       AddNotFinished
 0001:000213B0       AddrSize
 0001:0001868C       AddSubComponentsToLoaded
 0001:0001AB3C       AddThread
 0001:00038F94       AddToStack
 0001:0002DAA4       AddValueField
 0001:000504B8       AdjustColor
 0001:0003D258       AdjustDialog
 0001:0003AEFC       AdjustFlatStyle
 0001:00007CFC       AdjustLineBreaks
 0001:0007C848       Adjustment
 0001:00006198       AdjustWindowRectEx
 0001:00023CC8       adler32
 0001:000403DC       AfterScreenshot
 0001:000400F0       AfterScreenshotToStream
 0002:00002D38       Alignments
 0002:00002D48       Alignments
 0002:000025BC       Alignments
 0001:00067868       AlignWork
 0001:00084134       AlignWork
 0001:0001C510       AllocateHWnd
 0001:0005DE3C       AllocFilterStr
 0001:000079E0       AllocMem
 0002:000045B4       AllocMemCount
 0002:000045B8       AllocMemSize
 0001:00055520       AllocPatternBitmap
 0001:000058FC       AllocTlsBuffer
 0002:00002B24       AnchorAlign
 0002:00002B18       AnimateWindowProc
 0002:00002C20       AnimationStyle
 0001:00007C54       AnsiCompareText
 0001:00008600       AnsiLastChar
 0001:000061A0       AnsiLower
 0001:00007C20       AnsiLowerCase
 0001:0000CE24       AnsiLowerCaseFileName
 0001:0005EED0       AnsiMidStr
 0001:0000CD58       AnsiPos
 0001:0005EE30       AnsiReplaceStr
 0001:00079D90       AnsiSameCaption
 0001:00007C8C       AnsiStrLIComp
 0001:0000CEB4       AnsiStrPos
 0001:0000CF54       AnsiStrRScan
 0001:0000CF88       AnsiStrScan
 0001:0000569C       AnsiToUtf8
 0001:00007BEC       AnsiUpperCase
 0001:0000A32C       AppendChars
 0001:0000A6F0       AppendFormat
 0001:0000A390       AppendNumber
 0001:0000A370       AppendString
 0002:000058A4       Application
 0002:000003C8       ApplicationHandleException
 0001:000394FC       ApplicationRestore
 0002:000003D0       ApplicationShowException
 0002:00002E80       AppVisible
 0002:00002E94       ArrowKey
 0001:000381E8       ASMAssigned
 0002:00000890       AsmConst
 0001:0000C3C8       AssertErrorHandler
 0002:00004024       AssertErrorProc
 0001:000119C8       AssignLongStr
 0001:0003A4A0       AssignPriority
 0001:00011F34       AssignVariant
 0001:000410E0       AttachedFile
 0001:0004133C       AttachedFiles
 0002:00004D58       AttachedFilesRequest
 0002:00004ECC       AutoCloseTimer
 0001:00039CC0       AutoCloseTimerProc
 0002:0000460C       avail
 0001:00008AE8       BackfillGetDiskFreeSpaceEx
 0001:00064C5C       BackgroundClipped
 0001:0000E41C       BackupVarBoolFromStr
 0001:0000E580       BackupVarBStrFromBool
 0001:0000E49C       BackupVarBStrFromCy
 0001:0000E50C       BackupVarBStrFromDate
 0001:0000E3B0       BackupVarCyFromStr
 0001:0000E344       BackupVarDateFromStr
 0001:0000E200       BackupVarI4FromStr
 0001:0000E1AC       BackupVariantChangeTypeEx
 0001:0000E26C       BackupVarR4FromStr
 0001:0000E2D8       BackupVarR8FromStr
 0001:0002980C       Base64Encode
 0001:00040D98       Base64EncodeFromFile
 0001:000298C8       Base64EncodeStr
 0001:00029914       Base64EncodeString
 0001:0002991C       Base64EncodeToString
 0001:0000C9B8       Beep
 0001:000148E4       BeginGlobalLoading
 0001:000061A8       BeginPaint
 0001:0000379C       BeginThread
 0001:000504C4       BetterSize
 0001:00076150       BiDiDraw
 0001:0001F5E0       BinToStr
 0001:00005F30       BitBlt
 0002:000024CC       BitmapCanvasList
 0002:0000561C       BitmapImageLock
 0001:0000E1E8       BiUnimplemented
 0001:00092F78       BlankStr
 0002:0000040C       BlockCode
 0002:000045E4       blockDescBlockList
 0002:000045E8       blockDescFreeList
 0001:00042F6C       BlockingSendInternetMessage
 0002:000003AC       BooleanIdents
 0002:00000328       BooleanToStringRule
 0001:00008314       BoolToStr
 0001:0000FAF4       BoolToWStrViaOS
 0002:00002584       BorderStyles
 0001:00005A58       Bounds
 0001:000138A4       Bounds
 0002:00002CE0       Breaks
 0002:00005654       BrushManager
 0001:0008BC68       Build
 0001:00078B34       BuildImage
 0002:00002AEC       ButtonCaptions
 0002:00002AC0       ButtonNames
 0002:00002D64       Buttons
 0002:000025EC       ButtonStyles
 0001:0004FC88       BytesPerScanline
 0001:0003F8D0       BytesPerScanline
 0001:0003F34C       BytesSwap
 0001:0004FFFC       ByteSwapColors
 0001:0000CA98       ByteToCharIndex
 0001:0000CA70       ByteToCharLen
 0001:0000CA34       ByteType
 0001:0000C9C0       ByteTypeTest
 0002:0000588C       CachedComCtrlVer
 0002:00004F34       Cached_LogFile
 0001:0004A248       CalcAddr
 0001:0008E070       CalcAxis
 0001:0008ED94       CalcAxis
 0001:0008E2B4       CalcAxisState
 0001:0003F380       CalcCRC
 0001:0003706C       CalcDuplicatedException
 0001:000297E0       CalcEncodedSize
 0001:0008E0FC       CalcFixedAxis
 0001:0001C44C       CalcJmpOffset
 0001:0008E210       CalcMaxCell
 0001:000901D8       CalcPageExtents
 0001:0008FAC8       CalcScroll
 0001:0008F130       CalcScrollBar
 0001:0008FE30       CalcSizeInfo
 0001:000701D8       CalcSplitterPos
 0001:00021650       CalculateRelocatedAsmSize
 0001:00037E08       CallAttachedFilesRequest
 0001:00037D9C       CallCustomDataRequest
 0001:00037E74       CallCustomFieldsRequest
 0001:00037BB0       CallExceptionActionNotify
 0001:00044BB8       CallExceptionActionNotify_atSavedLogFile
 0001:00044BA4       CallExceptionActionNotify_atSavingLogFile
 0001:00042490       CallExceptionActionNotify_atSendingEmail
 0001:000424B8       CallExceptionActionNotify_atSendingWebMessage
 0001:000424A4       CallExceptionActionNotify_atSentEmail
 0001:000424CC       CallExceptionActionNotify_atSentWebMessage
 0001:00044E00       CallExceptionActionNotify_atShowedExceptionInfo
 0001:00044DEC       CallExceptionActionNotify_atShowingExceptionInfo
 0001:0003EFD4       CallExceptionActionNotify_atTerminating
 0001:00037C70       CallExceptionErrorNotify
 0001:00044BCC       CallExceptionErrorNotify_atSavedLogFile
 0001:000424E0       CallExceptionErrorNotify_atSentEmail
 0001:000424F4       CallExceptionErrorNotify_atSentWebMessage
 0001:00037B4C       CallExceptionNotify
 0001:00037EEC       CallModule_PasswordRequestEvent
 0001:000061B0       CallNextHookEx
 0001:00037D30       CallPasswordRequest
 0001:0003921C       CallStackByAddresses
 0001:0003BF38       CallStackDialogProc
 0001:0000D658       CallTerminateProcs
 0001:000061B8       CallWindowProc
 0001:00044E14       CallWriteIntraWebText
 0001:00049238       Call_HookedExceptionObject
 0001:00049178       Call_HookedRaise
 0001:000492B8       Call_HookedRtlUnwind
 0002:00004E81       CanAttachScreenshot
 0002:00004E7D       CanAttachScreenshot_Show
 0001:00063018       CancelDrag
 0002:00004E82       CanCopy
 0002:00004E7E       CanCopy_Show
 0001:00037FA0       CanExit
 0002:00004E45       CanHookLibraries
 0002:00002168       CannotProcessMessagesExceptions
 0001:00047834       CanPauseThisThread
 0002:00004E7C       CanSendEmail_Show
 0002:00004E80       CanSendMessage
 0002:00004E7F       CanSupport_Show
 0002:00005658       CanvasList
 0002:00005854       CanvasList
 0002:00004F6C       CaptionFontName
 0002:00002AAC       Captions
 0002:00005180       CAPTION_HEIGHT
 0002:00002BDC       CaptureControl
 0001:0008C244       CaretPos
 0002:00002004       cBase64Codec
 0002:00002C80       cBooleanToItemAutoFlag
 0001:0005D518       CenterWindow
 0002:000057F2       CF_COMPONENT
 0002:000057F0       CF_PICTURE
 0002:00004E0C       CGIHandleException
 0002:00004DBC       CGIOutputFile
 0002:0000481C       ChangeAnyProc
 0001:00008680       ChangeFileExt
 0002:0000259C       CharCases
 0001:00003908       CharFromWChar
 0001:0000CC6C       CharLength
 0001:000061C0       CharLowerBuff
 0001:00000254       CharNext
 0001:000061C8       CharNext
 0001:0004E2D4       CharsetToIdent
 0001:0000CB80       CharToByteIndex
 0001:0000CBE4       CharToByteLen
 0001:000061D0       CharToOemA
 0001:000061D8       CharUpperBuff
 0001:00050A98       CheckBool
 0001:0001EB80       CheckDirectoryExists
 0001:0002B0FC       CheckError
 0001:00021C68       CheckFail
 0001:00036100       CheckForResult
 0001:0001E538       CheckIntoIDE
 0001:00002D58       CheckJmp
 0001:000061E0       CheckMenuItem
 0002:00002CD0       Checks
 0001:000186C8       CheckSubComponents
 0001:0001AB54       CheckSynchronize
 0001:0007C250       CheckTaskWindow
 0001:00062CC8       CheckUndock
 0001:0000C8AC       CheckWin32Version
 0002:0000032C       CInvalidCustomVariantType
 0002:00002C84       cItemAutoFlagToBoolean
 0002:00002C7C       cItemAutoFlagToMenu
 0001:0001C69C       Classes
 0001:00014350       ClassNotFound
 0002:00004818       ClearAnyProc
 0001:0004DB60       ClearColor
 0001:00029CC4       ClearDirRec
 0001:00033B9C       ClearInternalError
 0001:00092D20       ClearItem
 0001:00010E54       ClearVariantTypeList
 0001:00030594       ClickOnSign
 0001:000061E8       ClientToScreen
 0001:0006D060       ClientToWindow
 0001:0005ECEC       Clipboard
 0002:000024C4       ClipboardFormats
 0001:0005EDD8       Clipbrd
 0001:000061F0       CloseClipboard
 0001:00005BA0       CloseHandle
 0001:000001F4       CloseHandle
 0001:00037050       CloseLogFile
 0001:00041054       CloseSendDialog
 0001:00020D04       closesocket
 0002:000056F0       CloseThemeData
 0002:00004E14       CLXHandleException
 0002:00004E18       CLXShowException
 0002:00004040       CmdLine
 0002:0000403C       CmdShow
 0002:00002C78       cMenuAutoFlagToItem
 0001:0000E1F4       CmpUnimplemented
 0002:000021E4       ColIdx
 0002:0000223C       Colors
 0001:0004E0CC       ColorToIdent
 0001:0004E0BC       ColorToRGB
 0002:00005130       ColWidths
 0001:00005F38       CombineRgn
 0002:000058A0       CommandPool
 0001:00055AD8       CommCtrl
 0001:0005BCEC       CommDlg
 0001:00000710       Commit
 0002:00004628       committedRoot
 0001:00040034       CommonSaveToStream
 0001:00038354       CompareEurekaFunctions
 0001:0008BFD8       CompareExtents
 0001:00074874       CompareFront
 0001:00007B0C       CompareMem
 0001:0003481C       CompareModulesFunctions
 0001:00007ADC       CompareStr
 0001:00005BA8       CompareString
 0001:00007B2C       CompareText
 0001:000081D0       CompareWith
 0001:00044498       CompleteIP
 0001:00044AA0       CompleteStr
 0001:000187A8       ComponentCreated
 0001:00028B18       Compress
 0001:00050860       ComputeAldusChecksum
 0001:00020920       ComputerName
 0001:00043638       ComputerName
 0001:00020D0C       connect
 0001:0004C8B4       Consts
 0001:00055A08       Contnrs
 0002:00005812       ControlAtom
 0002:00005818       ControlAtomString
 0001:000817BC       ControlHasHelp
 0001:00070C24       Controls
 0001:0000BE04       ConvertAddr
 0001:0001DE0C       ConvertAddress
 0001:0000A480       ConvertEraString
 0001:000079A4       ConvertError
 0001:000079BC       ConvertErrorFmt
 0001:0002CC40       ConvertNotDosText
 0001:0000A5E8       ConvertYearString
 0001:00004978       CopyArray
 0001:00052A30       CopyBitmap
 0001:000530F8       CopyBitmapAsMask
 0001:00005F40       CopyEnhMetaFile
 0001:000067A0       CopyMemory
 0001:00053094       CopyPalette
 0001:000061F8       CopyRect
 0002:00002520       Copyright
 0001:000779DC       CopyToBest
 0001:0000CAF4       CountChars
 0002:00005634       CounterLock
 0001:00092B00       CountItem
 0001:0003CE40       CPUDialogProc
 0001:00031FBC       CPUToRTF
 0002:00000330       CRangeToType
 0002:000048F0       crc_table
 0002:00002044       crc_table_computed
 0001:0003FAF0       Create8bitBitmap
 0001:0000C30C       CreateAssertException
 0001:0000C494       CreateAVObject
 0001:00005F48       CreateBitmap
 0001:00005F50       CreateBrushIndirect
 0001:00005F58       CreateCompatibleBitmap
 0001:00005F60       CreateCompatibleDC
 0001:00018828       CreateComponent
 0001:000068C8       CreateDialog
 0001:000399B8       CreateDialogFonts
 0001:00006200       CreateDialogParam
 0001:00005F70       CreateDIBitmap
 0001:00005F68       CreateDIBSection
 0001:00008BD4       CreateDir
 0001:00005BB0       CreateDirectory
 0001:00005BB8       CreateEvent
 0001:00005BC0       CreateFile
 0001:000001FC       CreateFileA
 0001:00005BC8       CreateFileMapping
 0001:00005F78       CreateFont
 0001:00005F80       CreateFontIndirect
 0001:00044E20       CreateGeneralText
 0001:00029AB8       CreateGZipFile
 0001:00005F88       CreateHalftonePalette
 0001:00035468       CreateHTMLByLayout
 0001:000375F8       CreateHTMLFile
 0001:00006208       CreateIcon
 0001:0000C23C       CreateInOutError
 0001:00045D7C       CreateLogText
 0001:00006210       CreateMenu
 0001:000233F0       CreateMXQuery
 0001:0003F710       CreateOctreeNode
 0001:00005F90       CreatePalette
 0001:00005F98       CreatePenIndirect
 0001:00006218       CreatePopupMenu
 0001:00005BD0       CreateProcess
 0001:00005FA0       CreateRectRgn
 0001:00005FA8       CreateRectRgnIndirect
 0001:00005FB0       CreateSolidBrush
 0001:00050050       CreateSystemPalette
 0001:00035840       CreateTemplateFile
 0001:00042508       CreateTGZFile
 0001:0000025C       CreateThread
 0001:00005BD8       CreateThread
 0001:0003A750       CreateThreadStr
 0001:00041FC4       CreateTmpLogFile
 0001:0003255C       CreateVirtualFile
 0001:00006870       CreateWindow
 0001:00006818       CreateWindowEx
 0001:000376C4       CreateXMLLogCopy
 0002:00002A48       CreationControl
 0002:00002B1C       CreationControl
 0002:00000398       CRelationshipToBoolean
 0002:00000314       CResult
 0002:000007EC       CriticalError
 0002:00002184       CriticalExceptObject
 0002:00000140       cSimpleBoolStrs
 0002:00000344       CText
 0002:00002C18       Ctl3DStyles
 0001:0008C210       Ctrl
 0002:00004620       curAlloc
 0002:0000468C       CurrencyDecimals
 0002:00004688       CurrencyFormat
 0002:00004684       CurrencyString
 0002:00004E40       CurrentCPUErrorText
 0002:00004ED0       CurrentDialog
 0001:0004A2BC       CurrentEurekaLogOptions
 0002:00004E3C       CurrentGeneralErrorText
 0002:00002D50       CurrentKeyboardLayout
 0002:00004DB8       CurrentOptions
 0002:00004EE8       CurrentProcessWindowsList
 0002:00004EA0       CurrentRequestValue
 0002:00002174       CurrentStackList
 0001:0000A318       CurrentYear
 0001:00009D24       CurrToStr
 0001:0000FA84       CurrToWStrViaOS
 0002:00002E04       CursorMap
 0002:00002B2C       Cursors
 0001:000617DC       CursorToIdent
 0002:00002DF4       cUseAlpha
 0002:00002DFC       cUseColorKey
 0001:0003D048       CustomDataDialogProc
 0002:00004D54       CustomDataRequest
 0002:00004E6C       CustomExceptMessage
 0002:00004D5C       CustomFieldsRequest
 0002:000048D0       CV
 0001:00007F14       CvtInt
 0001:00007F80       CvtInt64
 0002:00000180       CWNear
 0001:0004C194       DataTypeToRegData
 0002:0000468D       DateSeparator
 0001:0000AF04       DateTimeToStr
 0001:0000AEA8       DateTimeToString
 0001:00009E3C       DateTimeToTimeStamp
 0001:0000FABC       DateToWStrViaOS
 0001:0000A2A0       DayOfWeek
 0002:000021C8       Days
 0002:00004EE4       DbgSection
 0002:0000017C       DCon10
 0002:00002238       DDBsOnly
 0001:0001C5C4       DeallocateHWnd
 0002:0000002C       DebugHook
 0002:0000468B       DecimalSeparator
 0001:0000A210       DecodeDate
 0001:0000A0C4       DecodeDateFully
 0001:000937C4       DecodePacket
 0001:00093940       DecodeStream
 0002:00002EA0       DecodeTable
 0001:00009F30       DecodeTime
 0001:000007A4       Decommit
 0001:00000DC8       DecommitFree
 0002:000045FC       decommittedRoot
 0001:000296E4       Decrypt
 0001:00085004       Default
 0001:0007EE60       Default
 0002:00000024       Default8087CW
 0002:00002E88       DefaultBlank
 0001:00056C0C       DefaultContextHelp
 0002:00002B20       DefaultDockTreeClass
 0002:000045C0       DefaultSystemCodePage
 0002:00000038       DefaultTextLineBreakStyle
 0002:00002494       DefBrushData
 0002:00002208       DefFontData
 0001:00006220       DefFrameProc
 0001:0002432C       deflate
 0001:000245E4       deflateEnd
 0001:000239E8       DeflateInit
 0001:00023DF4       deflateInit_
 0002:0000020C       DefLongDayNames
 0002:000001C0       DefLongMonthNames
 0001:00006228       DefMDIChildProc
 0002:0000246C       DefPenData
 0002:000001F0       DefShortDayNames
 0002:00000190       DefShortMonthNames
 0001:00006230       DefWindowProc
 0001:00004BD0       DelayLoadResourceModule
 0001:00000458       DeleteBlock
 0001:00005BE0       DeleteCriticalSection
 0001:000003C8       DeleteCriticalSection
 0001:00005FB8       DeleteDC
 0001:00005FC0       DeleteEnhMetaFile
 0001:00042674       DeleteExtraFiles
 0001:00005BE8       DeleteFile
 0001:000085E8       DeleteFile
 0001:00000C10       DeleteFree
 0001:00006238       DeleteMenu
 0001:00005FC8       DeleteObject
 0001:0003F624       DeleteTree
 0001:000326E8       DeleteVirtualFile
 0001:000525EC       DeselectBitmap
 0001:00068788       DestroyChildWindow
 0001:00006240       DestroyCursor
 0001:00039BC0       DestroyDialogFonts
 0001:00006248       DestroyIcon
 0001:00006250       DestroyMenu
 0001:0008061C       DestroyPopupWindow
 0001:00006258       DestroyWindow
 0002:00005170       DetailsActive
 0001:0003AF3C       DetailsState
 0001:000926BC       Detector
 0001:00006260       DialogBoxParam
 0002:0000517C       DialogHeight
 0001:0005D5CC       DialogHook
 0001:0005E74C       Dialogs
 0002:000024D0       DIBPalSizes
 0002:00000094       dig
 0001:0003581C       DirectoryExists
 0001:0007C094       DisableTaskWindows
 0002:00002D84       DisablingWindows
 0001:00006268       DispatchMessage
 0001:00006270       DispatchMessageW
 0001:00082BC4       DispatchShortCut
 0002:00004000       DispCallByIDProc
 0001:00092248       DisposeStrItem
 0001:00007988       DivMod
 0001:0005CE3C       Dlgs
 0001:00039674       DlgTemplate
 0002:000048B8       DllList
 0001:000676DC       DoAlign
 0001:00083FE4       DoAlign
 0001:0008DF08       DoCalc
 0001:0006BD40       DoCalcConstraints
 0001:0008DF70       DoCalcRightToLeft
 0001:0008E6F4       DoChange
 0002:00005848       DockSiteList
 0001:00078828       DoClick
 0001:0008D0BC       DoColWidths
 0001:00069178       DoControlMsg
 0001:0007C044       DoDisableWindow
 0001:000625DC       DoDragOver
 0001:00007A00       DoExitProc
 0001:0006DCE0       DoFindControlZone
 0001:0007C190       DoFindWindow
 0001:0006E408       DoFindZone
 0001:0006DD64       DoForEach
 0001:0006F9A8       DoGetNextLimit
 0001:00022154       Done
 0001:0004BCC8       Done
 0001:00020C3C       Done
 0001:0002383C       Done
 0001:0007C00C       DoneApplication
 0001:0004AD44       DoneCheckFreeze
 0001:00070968       DoneControls
 0001:0000C7BC       DoneExceptions
 0001:0002AD8C       DoneLib
 0001:00080CE4       DoNestedActivation
 0001:0001AAF0       DoneThreadSynchronization
 0001:00083E28       DoPosition
 0001:0006729C       DoPosition
 0001:0006EEBC       DoPrune
 0001:0008D100       DoRowHeights
 0001:0006F3CC       DoSaveZone
 0001:0006F690       DoSetNewBounds
 0001:0008CB64       DoSizeAdjust
 0002:000003B4       DotSep
 0001:0008FD9C       DoUpdate
 0001:00051734       DoWrite
 0001:00072ED4       DoWrite
 0001:00050CF4       DoWrite
 0001:000157D8       DoWrite
 0001:00068434       DoWriteDesignSize
 0001:00065E0C       DoWriteIsControl
 0002:0000582C       DragCapture
 0002:00005820       DragControl
 0001:00062D3C       DragDone
 0001:0006258C       DragFindTarget
 0001:00062560       DragFindWindow
 0002:00005844       DragImageList
 0001:00062994       DragInit
 0001:00062B04       DragInitControl
 0002:00005828       DragInternalObject
 0001:000624A8       DragMessage
 0002:00005824       DragObject
 0002:00005850       DragSave
 0002:00005838       DragSaveCursor
 0002:00005830       DragStartPos
 0002:0000583C       DragThreshold
 0001:000626B8       DragTo
 0001:00085040       DrawAppIcon
 0001:0008D43C       DrawAxisLines
 0001:0002FD58       DrawBmp
 0001:000308E0       DrawBottom
 0001:0008D6B4       DrawCells
 0001:0006E940       DrawCloseButton
 0001:00006278       DrawEdge
 0001:00006280       DrawFocusRect
 0001:0003086C       DrawFrame
 0001:00006288       DrawFrameControl
 0001:0006E9D4       DrawGrabberLine
 0001:00006290       DrawIcon
 0001:00006298       DrawIconEx
 0002:00002C54       DrawingStyles
 0001:00030988       DrawItem
 0001:00030934       DrawLine
 0001:0008D624       DrawLines
 0001:000062A0       DrawMenuBar
 0001:00079BB0       DrawMenuItem
 0001:0003D5A0       DrawSupportLink
 0001:000062A8       DrawText
 0002:000056F4       DrawThemeBackground
 0001:0006EA5C       DrawThemedGrabber
 0002:00005718       DrawThemeEdge
 0002:0000571C       DrawThemeIcon
 0002:000057A0       DrawThemeParentBackground
 0002:000056F8       DrawThemeText
 0001:0004FB08       DupBits
 0002:00004E83       DuplicatedException
 0001:00005BF0       DuplicateHandle
 0001:00004990       DynArrayClear
 0001:00004998       DynArraySetLength
 0001:00029980       EBase64
 0001:0001DC30       EConsts
 0001:00020C94       ECore
 0002:00002D40       EdgeStyle
 0002:00002C08       EdgeStyles
 0001:000297D8       EEncrypt
 0001:0000C210       EHeapException.FreeInstance
 0001:00022250       EHook
 0001:0002CFD4       ElaborateString
 0001:0002B254       ElaborateURL
 0001:0002233C       ELang
 0001:00030FA0       EListView
 0001:0002FC80       ELogManager
 0002:000025B8       Empty
 0001:000062B0       EmptyClipboard
 0002:00004804       EmptyParam
 0002:000000C4       EmptyStr
 0002:000000C8       EmptyWideStr
 0002:0000043C       EMsgs
 0001:000062B8       EnableMenuItem
 0002:00002CD8       Enables
 0001:000062C0       EnableScrollBar
 0001:0007C158       EnableTaskWindows
 0002:00005788       EnableThemeDialogTexture
 0002:000057A4       EnableTheming
 0001:000062C8       EnableWindow
 0001:00093A00       EncdDecd
 0001:0003F548       Encode
 0001:0000A094       EncodeDate
 0002:00002138       EncodedChars
 0001:00009EF0       EncodeTime
 0001:00042128       EncodeURL
 0001:000062D0       EndDialog
 0001:0001496C       EndGlobalLoading
 0001:000062D8       EndPaint
 0001:000037E0       EndThread
 0001:000565E8       EnsureHelpManager
 0001:000003B8       EnterCriticalSection
 0001:00005BF8       EnterCriticalSection
 0001:00005C00       EnumCalendarInfoA
 0001:000062E0       EnumChildWindows
 0001:000062E8       EnumClipboardFormats
 0002:00005688       EnumDisplayMonitors
 0001:0000BA70       EnumEraNames
 0001:0000BAAC       EnumEraYearOffsets
 0001:0007F4B0       EnumMonitorsProc
 0001:00005C08       EnumSystemLocales
 0001:000062F0       EnumThreadWindows
 0001:000062F8       EnumWindows
 0001:00033D80       EnumWindowsProc
 0001:00033CF8       EnumWindowsProc
 0001:0001E6E4       EnvironmentVariable
 0001:00006300       EqualRect
 0002:00004754       EraNames
 0001:0000B1B4       EraToYear
 0002:00004770       EraYearOffsets
 0002:0000006C       errCaption
 0001:00001888       Error
 0001:00013EF4       Error
 0001:000404DC       Error
 0001:000745D0       Error
 0001:00017664       Error
 0002:00000004       ErrorAddr
 0001:0000183C       ErrorAt
 0001:0000C2BC       ErrorHandler
 0002:00000228       ErrorMap
 0002:00004008       ErrorProc
 0002:000043E8       ErrOutput
 0002:00000768       EShowOptions
 0001:0002389C       ESockets
 0001:0002A2B4       ETarGZip
 0001:0001C760       ETypes
 0002:00000438       EurekaLogCurrentVersion
 0002:00004E9C       EurekaLogList
 0001:00040CF4       EurekaLogSendEmail
 0001:00037F5C       EurekaLog_PasswordRequestEvent
 0002:000005E8       EVals
 0001:0002C4F0       EWebTools
 0001:000017DC       ExceptAddr
 0002:0000400C       ExceptClsProc
 0001:0000C728       ExceptHandler
 0001:0000C084       Exception.Create
 0001:0000C0C0       Exception.CreateFmt
 0001:0000C140       Exception.CreateRes
 0001:0000C17C       Exception.CreateResFmt
 0002:00004D48       ExceptionActionNotify
 0002:00004F3C       ExceptionAddressText
 0002:0000401C       ExceptionClass
 0002:00004D8C       ExceptionCriticalSection
 0001:0000BE10       ExceptionErrorMessage
 0002:00004D4C       ExceptionErrorNotify
 0001:0004BFBC       ExceptionLog
 0001:0004A480       ExceptionManager
 0002:00004F38       ExceptionModuleText
 0002:00004F44       ExceptionMsgText
 0002:00004D44       ExceptionNotify
 0002:00004DC4       ExceptionNumber
 0002:00004ED8       ExceptionsTime
 0002:00004EDC       ExceptionTime
 0001:00035D7C       ExceptionTypeByAddr
 0002:00004F40       ExceptionTypeText
 0002:00000260       ExceptMap
 0001:00048AC8       ExceptNotify
 0001:000432C0       ExceptNotifyAfter1
 0001:000433B0       ExceptNotifyAfter2
 0001:000433C4       ExceptNotifyAfter3
 0001:000017BC       ExceptObject
 0002:00004010       ExceptObjProc
 0002:00004004       ExceptProc
 0001:00005FD0       ExcludeClipRect
 0002:00000000       ExitCode
 0001:00003594       ExitDll
 0002:00004048       ExitProc
 0001:0000026C       ExitProcess
 0002:00004028       ExitProcessProc
 0002:0000013C       ExitProcList
 0001:00000264       ExitThread
 0001:00005C10       ExitThread
 0001:0002CA94       EXMLBuilder
 0001:00092418       ExpandDir
 0001:00005C18       ExpandEnvironmentStrings
 0001:0000885C       ExpandFileName
 0001:000404A8       ExpandPath
 0001:0005DAC8       ExplorerHook
 0001:000383D8       ExportedFunctions
 0001:00005FD8       ExtCreatePen
 0001:0005CDE8       ExtCtrls
 0001:00008748       ExtractFileDrive
 0001:00008814       ExtractFileExt
 0001:000087DC       ExtractFileName
 0001:0005E190       ExtractFileName
 0001:0005E1D8       ExtractFileNames
 0001:00008714       ExtractFilePath
 0001:00008898       ExtractFilePathNoDrive
 0001:00037124       ExtractList
 0001:00008924       ExtractRelativePath
 0001:00036A90       ExtractStr
 0001:0001E2C0       ExtractStringsEx
 0001:0003A588       ExtractThreadByList
 0001:0002DFC0       ExtractValue
 0001:00005FE0       ExtTextOut
 0001:00028A9C       EZLib
 0002:00004F50       fActive
 0002:00002190       fActivePage
 0002:00004790       FalseBoolStrs
 0002:00004F54       fCaptionFont
 0002:000057F8       FClipboard
 0002:00000170       FCon1E18
 0002:00004F48       fDlgBack
 0002:00004F5C       fFixedFont1
 0002:00004F60       fFixedFont2
 0001:00008474       FileAge
 0001:0000846C       FileClose
 0001:000083B8       FileCreate
 0001:00008B5C       FileDateToDateTime
 0001:000084DC       FileExists
 0002:000024C8       FileFormats
 0002:0000000C       FileMode
 0001:00001D34       FileNOPProc
 0001:00008360       FileOpen
 0001:000083DC       FileRead
 0002:000003E0       FilerSignature
 0001:00008434       FileSeek
 0001:00005C20       FileTimeToDosDateTime
 0001:00005C28       FileTimeToLocalFileTime
 0001:00005C30       FileTimeToSystemTime
 0001:00008408       FileWrite
 0001:00000CF8       FillAfterGap
 0001:0003783C       FillAttachedList
 0001:00000CA4       FillBeforeGap
 0001:0008D3E8       FillDWord
 0001:00000D90       FillerSizeAfterGap
 0001:00000D20       FillerSizeBeforeGap
 0001:00006308       FillRect
 0001:00056224       Finalization
 0001:00058D14       Finalization
 0001:0005E6F0       Finalization
 0001:00058220       Finalization
 0001:00056264       Finalization
 0001:00023844       Finalization
 0001:00006D30       Finalization
 0001:0005734C       Finalization
 0001:000069D8       Finalization
 0001:0005ED9C       Finalization
 0001:00057394       Finalization
 0001:000120B0       Finalization
 0001:0005EEF4       Finalization
 0001:0005F05C       Finalization
 0001:00020C40       Finalization
 0001:0001C730       Finalization
 0001:0009439C       Finalization
 0001:0001C5EC       Finalization
 0001:000943D4       Finalization
 0001:000573CC       Finalization
 0001:0009378C       Finalization
 0001:000057C0       Finalization
 0001:00020CCC       Finalization
 0001:00079EB8       Finalization
 0001:0008779C       Finalization
 0001:00012108       Finalization
 0001:00028A6C       Finalization
 0001:000576F0       Finalization
 0001:0000E154       Finalization
 0001:0005789C       Finalization
 0001:0002CA64       Finalization
 0001:0000DF54       Finalization
 0001:00029950       Finalization
 0001:0002C48C       Finalization
 0001:00070BBC       Finalization
 0001:00071F10       Finalization
 0001:0002A284       Finalization
 0001:0005BB68       Finalization
 0001:0005BBA0       Finalization
 0001:0002FC50       Finalization
 0001:0005BC10       Finalization
 0001:00055AA8       Finalization
 0001:0005BC7C       Finalization
 0001:000559D8       Finalization
 0001:0005BCBC       Finalization
 0001:00055728       Finalization
 0001:0005CA08       Finalization
 0001:0004BE14       Finalization
 0001:00055558       Finalization
 0001:0005CDB8       Finalization
 0001:0005CE0C       Finalization
 0001:0001DBC0       Finalization
 0001:0004C03C       Finalization
 0001:000059E4       Finalization
 0001:000939D0       Finalization
 0001:00073624       Finalization
 0001:0004C5F4       Finalization
 0001:00005A74       Finalization
 0001:00030F70       Finalization
 0001:00020D6C       Finalization
 0001:00011500       Finalization
 0001:000112A4       Finalization
 0001:000297A8       Finalization
 0001:0004C884       Finalization
 0001:00088240       Finalization
 0001:0008A38C       Finalization
 0001:0002230C       Finalization
 0001:000221FC       Finalization
 0001:0000E94C       Finalization
 0001:0005BBD8       Finalization
 0001:00004988       FinalizeArray
 0001:000033D8       FinalizeUnits
 0001:000783B8       Find
 0001:00004C50       FindBS
 0001:00014410       FindClass
 0001:00004BC8       FindClassHInstance
 0001:0000027C       FindClose
 0001:000085CC       FindClose
 0001:00005C38       FindClose
 0001:00000C74       FindCommitted
 0001:000615BC       FindControl
 0001:000111B4       FindCustomVariantType
 0001:000110F8       FindCustomVariantType
 0001:00063064       FindDragTarget
 0001:00041F44       FindEOFLine
 0001:0002B3B4       FindErrorMessage
 0001:00044D64       FindException
 0001:000189D8       FindExistingComponent
 0001:00008558       FindFirst
 0001:00005C40       FindFirstFile
 0001:00000284       FindFirstFile
 0001:00036E54       FindFunction
 0001:000147FC       FindGlobalComponent
 0001:0007C29C       FindGlobalComponent
 0002:00004868       FindGlobalComponentProcs
 0001:00004BA0       FindHInstance
 0001:000146A4       FindIdentToInt
 0001:000084EC       FindMatchingFile
 0001:000342B4       FindModuleType
 0002:000057EC       FindMsg
 0001:00017A38       FindNestedComponent
 0001:000085A8       FindNext
 0001:00005C48       FindNextFile
 0001:00074594       FindPopupControl
 0001:0000E614       FindProc
 0001:00005C50       FindResource
 0001:00004C18       FindResourceHInstance
 0001:00086E30       FindScanline
 0001:0002F898       FindSection
 0001:0007C1F4       FindTopMostWindow
 0001:00019924       FindUniqueName
 0001:00063030       FindVCLWindow
 0001:00006310       FindWindow
 0002:00004F70       FixedFontName1
 0002:00004F74       FixedFontName2
 0002:00004F68       FixedFontSize
 0001:000529E4       FixupBitFields
 0002:00002D58       Flags
 0002:000047A0       FLanguages
 0001:00057720       FlatSB
 0002:000056B4       FlatSB_EnableScrollBar
 0002:000056C0       FlatSB_GetScrollInfo
 0002:000056C4       FlatSB_GetScrollPos
 0002:000056BC       FlatSB_GetScrollRange
 0002:000056CC       FlatSB_SetScrollInfo
 0002:000056C8       FlatSB_SetScrollPos
 0001:00057410       FlatSB_SetScrollProp
 0002:000056D0       FlatSB_SetScrollRange
 0002:000056B8       FlatSB_ShowScrollBar
 0002:00004F64       fLinkFont
 0002:000050E8       fListViewItems
 0001:000099B4       FloatToDecimal
 0001:00009CF4       FloatToStr
 0001:000093EC       FloatToText
 0001:000096C0       FloatToTextFmt
 0001:00001F98       Flush
 0001:00005C58       FlushInstructionCache
 0002:00004F4C       fMemoBack
 0002:000050CC       fMonitor
 0002:000050D0       fMonitorInfo
 0002:00000184       FMSecsPerDay
 0001:000092E0       FmtStr
 0002:00002D74       FocusCount
 0002:00002D70       FocusMessages
 0002:000023DC       FontCharsets
 0002:0000564C       FontManager
 0001:0004A3D4       ForceApplicationTermination
 0002:00002A44       ForceCurrentDirectory
 0001:0007C270       ForegroundTask
 0002:000058D8       Form1
 0002:0000018C       Format
 0001:000092CC       Format
 0001:00008ED4       FormatBuf
 0001:00008EC8       FormatClearStr
 0001:00044AE0       FormatComplete
 0001:0000AF18       FormatDateTime
 0001:00008E4C       FormatError
 0002:00000168       FormatErrorStrs
 0001:00009D54       FormatFloat
 0001:00005C60       FormatMessage
 0001:00008EA4       FormatVarToStr
 0001:000877F8       Forms
 0001:0008C1F4       ForwardMovement
 0001:00002450       FPower10
 0002:00002518       FPrinter
 0001:00006318       FrameRect
 0001:0000DB34       FreeAndNil
 0001:000009D8       FreeCommitted
 0001:00000F00       FreeCurAlloc
 0001:00063128       FreeDeviceContext
 0001:000631E4       FreeDeviceContexts
 0001:0001C3B8       FreeIntConstList
 0001:000931EC       FreeItem
 0001:0000028C       FreeLibrary
 0001:00005C68       FreeLibrary
 0001:00052540       FreeMemoryContexts
 0001:0001C4EC       FreeObjectInstance
 0001:00005C88       FreeResource
 0001:0004046C       FreeScreenshot
 0001:00000650       FreeSpace
 0001:0000D678       FreeTerminateProcs
 0001:000578D4       FreeThemeLibrary
 0002:00004E48       FreezeThread
 0002:00004D24       FtpOpenFile
 0001:0002BFD8       FTPUploadFiles
 0001:00035E60       FunctionSize
 0002:00004F58       fVariableFont
 0001:0004FAF8       GDICheck
 0001:0004FA50       GDIError
 0001:0003CC38       GeneralDialogProc
 0001:00049080       GeneralRaise
 0001:00031B90       GeneralToRTF
 0001:000356F8       GenerateHTML
 0001:0002B454       GenerateMultipartBoundary
 0001:0002B584       GenerateRequestBody
 0001:00001C40       Get8087CW
 0001:00005744       GetACP
 0001:00005C90       GetACP
 0001:00043754       GetActiveControlClass
 0001:0004376C       GetActiveControlText
 0001:00043674       GetActiveFormClass
 0001:000436C0       GetActiveFormText
 0001:0003FC38       GetActiveMonitorData
 0001:00006320       GetActiveWindow
 0001:000445D4       GetAdapterInfo
 0001:000785E8       GetAltGRStatus
 0001:000844C4       GetAnimation
 0001:00043ED8       GetApplicationName
 0001:0002151C       GetAsmSize
 0001:00005FE8       GetBitmapBits
 0001:000003D0       GetBlockDesc
 0001:00005FF0       GetBrushOrgEx
 0001:0000680C       GetBValue
 0001:000394BC       GetCallStackByAddresses
 0001:00033178       GetCallStackDump
 0001:00006328       GetCapture
 0001:000618D8       GetCaptureControl
 0001:00006330       GetCaretPos
 0001:000143BC       GetClass
 0001:00006338       GetClassInfo
 0001:00006340       GetClassName
 0001:00006348       GetClientRect
 0001:00006350       GetClipboardData
 0001:00051234       GetClipboardFormats
 0001:00005FF8       GetClipBox
 0001:0000036C       GetCmdShow
 0001:000720E0       GetColor
 0001:00030DF0       GetColumnAlign
 0001:00030DC4       GetColumnCount
 0001:00005CA0       GetCommandLine
 0001:00000294       GetCommandLine
 0001:00000824       GetCommitted
 0001:000008B4       GetCommittedAt
 0001:000435D8       GetCompilationDate
 0001:00005CA8       GetComputerName
 0001:00068ACC       GetControlAtPos
 0001:00048624       GetControlClass
 0001:0004867C       GetControlText
 0001:0000A3DC       GetCount
 0001:00005C98       GetCPInfo
 0001:00008BC8       GetCurrentDir
 0001:0000029C       GetCurrentDirectory
 0001:00006000       GetCurrentObject
 0001:00006008       GetCurrentPositionEx
 0001:00005CB0       GetCurrentProcess
 0001:00005CB8       GetCurrentProcessId
 0001:0004A478       GetCurrentStackPointer
 0002:00005798       GetCurrentThemeName
 0001:00005CC0       GetCurrentThread
 0001:0000035C       GetCurrentThreadId
 0001:00005CC8       GetCurrentThreadId
 0001:00032A64       GetCurrentTopOfStack
 0001:00006358       GetCursor
 0001:00086E40       GetCursorHeightMargin
 0001:00006360       GetCursorPos
 0001:0000A408       GetDate
 0001:00005CD0       GetDateFormat
 0001:0000B0CC       GetDateOrder
 0001:00006368       GetDC
 0001:00006370       GetDCEx
 0001:00006010       GetDCOrgEx
 0001:00038F50       GetDebugDetail
 0001:00036EFC       GetDebugInfosByAddr
 0001:00036C3C       GetDebugPartialInfo
 0001:00055050       GetDefFontCharSet
 0001:00006378       GetDesktopWindow
 0001:00006028       GetDeviceCaps
 0001:0003D234       GetDialogState
 0001:00050A80       GetDIB
 0001:00006018       GetDIBColorTable
 0001:00006020       GetDIBits
 0001:000509C4       GetDIBSizes
 0001:0004FC68       GetDInColors
 0001:00005CD8       GetDiskFreeSpaceA
 0002:00000138       GetDiskFreeSpaceEx
 0001:00043C94       GetDiskInfo
 0001:000443F8       GetDisplayMode
 0001:00006380       GetDlgItem
 0001:00022FF4       GetDNSList
 0001:0006FA8C       GetDockAlign
 0001:000622F8       GetDockSiteAtPos
 0001:000231AC       GetDomain
 0001:00023318       GetDomainName
 0001:00006388       GetDoubleClickTime
 0001:00062618       GetDropCtl
 0001:00045A64       GetDump
 0001:00002AC8       GetDynaMethod
 0001:000457A4       GetEAX
 0001:000457FC       GetEBX
 0001:00045854       GetECX
 0001:0004595C       GetEDI
 0001:000458AC       GetEDX
 0001:000381E0       GetEF
 0001:00045A0C       GetEIP
 0001:00045CD4       GetEmptySection
 0001:00006030       GetEnhMetaFileBits
 0001:00006038       GetEnhMetaFileHeader
 0001:00006040       GetEnhMetaFilePaletteEntries
 0001:00011570       GetEnumName
 0001:00011648       GetEnumNameValue
 0001:00011694       GetEnumValue
 0001:00005CE0       GetEnvironmentVariable
 0001:0000BB24       GetEraNamesAndYearOffsets
 0001:0000B160       GetEraYearOffset
 0001:00045904       GetESI
 0001:00033168       GetESP
 0001:000459B4       GetESP
 0001:000439F0       GetExceptionAddress
 0001:0000C47C       GetExceptionClass
 0001:000439D8       GetExceptionDate
 0001:00043AE8       GetExceptionMessage
 0001:00043A24       GetExceptionModule
 0001:0000C660       GetExceptionObject
 0001:00043A78       GetExceptionType
 0001:00039584       GetExceptMessage
 0001:00005CE8       GetExitCodeProcess
 0001:00005CF0       GetExitCodeThread
 0001:00014344       GetFieldClassTable
 0001:00005CF8       GetFileAttributes
 0001:0002B518       GetFileContents
 0001:0002BF9C       GetFileSize
 0001:000347E8       GetFileSize
 0001:0000020C       GetFileSize
 0001:00000204       GetFileType
 0001:0000C8CC       GetFileVersion
 0001:00005F18       GetFileVersionInfo
 0001:00005F20       GetFileVersionInfoSize
 0001:00006390       GetFocus
 0001:0004E2F4       GetFontData
 0001:00006398       GetForegroundWindow
 0001:0000D0E8       GetFormatSettings
 0001:00043D80       GetFreeDisk
 0001:00043C04       GetFreeMemory
 0001:00005D00       GetFullPathName
 0001:0001E4F0       GetGMT
 0001:00006808       GetGValue
 0001:00005D08       GetHandleInformation
 0001:0004D85C       GetHashCode
 0001:000817F4       GetHelpInfo
 0001:00056604       GetHelpSystem
 0001:000842A8       GetHint
 0001:000842E0       GetHintControl
 0001:00020D3C       gethostbyname
 0001:00020D44       gethostname
 0001:00079D2C       GetHotkey
 0001:0002B880       GetHTTPResponse
 0001:000063A0       GetIconInfo
 0001:00048E58       GetIntraWebExceptionType
 0001:0002FD30       GetItemRect
 0001:0003BEEC       GetItemText
 0001:000063B8       GetKeyboardLayout
 0001:000063C0       GetKeyboardLayoutList
 0001:000063C8       GetKeyboardLayoutName
 0001:000063D0       GetKeyboardState
 0001:0000273C       GetKeyboardType
 0001:000063A8       GetKeyNameText
 0001:000063B0       GetKeyState
 0001:000439A4       GetLanguageString
 0001:000063D8       GetLastActivePopup
 0001:0006DA10       GetLastChildZone
 0001:000002A4       GetLastError
 0001:00005D10       GetLastError
 0001:0000B8E4       GetLocaleChar
 0001:00043868       GetLocaleDataA
 0001:00043828       GetLocaleDataW
 0001:000002AC       GetLocaleInfo
 0001:00005D20       GetLocaleInfo
 0001:00005D28       GetLocaleInfoA
 0001:00005D30       GetLocaleInfoW
 0001:0000B898       GetLocaleStr
 0001:00005D18       GetLocalTime
 0001:00061840       GetLongHint
 0001:0001DEE8       GetLongNameFromShort
 0001:000119DC       GetLongStrProp
 0001:00033D30       GetMainWindow
 0001:00006048       GetMapMode
 0001:000293D4       GetMD5Key
 0001:000063E0       GetMenu
 0001:0008177C       GetMenuHelpContext
 0001:000063E8       GetMenuItemCount
 0001:000063F0       GetMenuItemID
 0001:000063F8       GetMenuItemInfo
 0001:00076BF8       GetMenuSize
 0001:00006400       GetMenuState
 0001:00006408       GetMenuString
 0001:00006410       GetMessagePos
 0001:00006418       GetMessageTime
 0001:00011F88       GetMethodProp
 0001:0001DE44       GetModifiedDate
 0001:00034538       GetModuleDescriptionAndVersion
 0001:00005D38       GetModuleFileName
 0001:000002B4       GetModuleFileName
 0001:000002BC       GetModuleHandle
 0001:00005D40       GetModuleHandle
 0001:000058DC       GetModuleHandle
 0001:00034478       GetModulePath
 0001:00034B18       GetModulesList
 0001:00034988       GetModulesWin9X
 0001:00034824       GetModulesWinNT
 0002:0000567C       GetMonitorInfo
 0002:00005680       GetMonitorInfoA
 0002:00005684       GetMonitorInfoW
 0001:0000B94C       GetMonthDayNames
 0001:00023518       GetMXBestRecord
 0001:00023478       GetMXRecord
 0001:00023610       GetMXServerFromEmail
 0001:0004491C       GetNetworkData
 0001:00006420       GetNextWindow
 0001:00006050       GetObject
 0001:0005BCB4       GetOpenFileName
 0001:0003FA80       GetOptimizedPalette
 0001:00011768       GetOrdProp
 0001:000437E0       GetOSBuild
 0001:000439CC       GetOSLanguage
 0001:00032CE0       GetOSType
 0001:00043814       GetOSUpdate
 0001:0003F660       GetPaletteColors
 0001:00006058       GetPaletteEntries
 0001:00043534       GetParameters
 0001:00001A48       GetParamStr
 0001:00006428       GetParent
 0001:0007C470       GetParentForm
 0001:0004E9A4       GetPenData
 0001:00006060       GetPixel
 0001:00084DD8       GetPopupOwnerWindows
 0001:00005D48       GetPrivateProfileString
 0001:00005D50       GetProcAddress
 0001:000002C4       GetProcAddress
 0001:00043F54       GetProcessor
 0001:00006430       GetProp
 0001:000116F8       GetPropInfo
 0001:0001DD6C       GetReadableSize
 0001:00037244       GetRealFileName
 0001:0007C95C       GetRealScrollPosition
 0001:00035F14       GetResourceData
 0001:000720C0       GetRGBColor
 0001:00006804       GetRValue
 0001:00006438       GetScrollInfo
 0001:00006440       GetScrollPos
 0001:00006448       GetScrollRange
 0001:00011838       GetSetElementValue
 0001:000617FC       GetShortHint
 0001:000118D4       GetShortStrProp
 0001:0001196C       GetShortStrPropAsLongStr
 0001:00036248       GetSourceInfoByAddr
 0001:00000574       GetSpace
 0001:000005D8       GetSpaceAt
 0001:00074628       GetSpecialName
 0001:00045C44       GetStack
 0001:00043EC0       GetStartDate
 0001:00005D58       GetStartupInfo
 0001:000002CC       GetStartupInfo
 0001:00000214       GetStdHandle
 0001:00005D60       GetStdHandle
 0001:00006068       GetStockObject
 0001:00011B0C       GetStrProp
 0001:00006450       GetSubMenu
 0001:00036948       GetSymbolAddr
 0001:00006458       GetSysColor
 0001:00006460       GetSysColorBrush
 0001:00005D68       GetSystemDefaultLangID
 0001:00006468       GetSystemMenu
 0001:00006470       GetSystemMetrics
 0002:0000566C       GetSystemMetrics
 0001:00006070       GetSystemPaletteEntries
 0001:00005D70       GetSystemTime
 0001:00044140       GetSystemUpTime
 0001:00005D78       GetTempPath
 0001:00006078       GetTextExtentPoint32
 0001:00039F40       GetTextHeight
 0001:00006080       GetTextMetrics
 0002:00005790       GetThemeAppProperties
 0002:000056FC       GetThemeBackgroundContentRect
 0002:00005700       GetThemeBackgroundExtent
 0002:00005710       GetThemeBackgroundRegion
 0002:00005734       GetThemeBool
 0002:00005728       GetThemeColor
 0002:0000579C       GetThemeDocumentationProperty
 0002:0000573C       GetThemeEnumValue
 0002:0000575C       GetThemeFilename
 0002:00005744       GetThemeFont
 0002:00005738       GetThemeInt
 0002:00005750       GetThemeIntList
 0002:0000574C       GetThemeMargins
 0002:0000572C       GetThemeMetric
 0002:00005704       GetThemePartSize
 0002:00005740       GetThemePosition
 0002:00005754       GetThemePropertyOrigin
 0002:00005748       GetThemeRect
 0002:00005730       GetThemeString
 0002:00005768       GetThemeSysBool
 0002:00005760       GetThemeSysColor
 0002:00005764       GetThemeSysColorBrush
 0002:00005770       GetThemeSysFont
 0002:00005778       GetThemeSysInt
 0002:0000576C       GetThemeSysSize
 0002:00005774       GetThemeSysString
 0002:00005708       GetThemeTextExtent
 0002:0000570C       GetThemeTextMetrics
 0001:00005D80       GetThreadContext
 0001:0003A620       GetThreadData
 0001:00005D88       GetThreadLocale
 0001:000002D4       GetThreadLocale
 0001:00048DE0       GetThreadParams
 0001:00005D90       GetThreadPriority
 0001:00005D98       GetTickCount
 0001:0000A440       GetTime
 0001:00005908       GetTlsSize
 0001:00084B94       GetTopMostWindows
 0001:00033170       GetTopOfStack
 0001:000619E4       GetTopParent
 0001:00006478       GetTopWindow
 0001:00043E20       GetTotalDisk
 0001:00043B74       GetTotalMemory
 0001:00011564       GetTypeData
 0001:00029FDC       GetUnixGMTFileTime
 0001:00005B78       GetUserName
 0001:0001EB3C       GetUserPath
 0001:00000364       GetVersion
 0001:00005DA0       GetVersion
 0001:00005DA8       GetVersionEx
 0001:00043784       GetVersionNumber
 0001:000210D8       GetVirtualMethod
 0001:00011B7C       GetWideStrProp
 0001:00011A5C       GetWideStrPropAsLongStr
 0001:00006480       GetWindow
 0001:00006488       GetWindowDC
 0001:00006490       GetWindowLong
 0001:00006498       GetWindowLongW
 0001:00006090       GetWindowOrgEx
 0001:000064A0       GetWindowPlacement
 0001:000064A8       GetWindowRect
 0001:00005DB0       GetWindowsDirectory
 0001:000064B0       GetWindowText
 0002:00005784       GetWindowTheme
 0001:000064C0       GetWindowThreadProcessId
 0001:000064B8       GetWindowThreadProcessId
 0001:00006088       GetWinMetaFileBits
 0001:0001EBC0       GetWorkingFile
 0001:00005DB8       GlobalAddAtom
 0001:00005DC0       GlobalAlloc
 0001:000067B0       GlobalAllocPtr
 0001:00005DC8       GlobalDeleteAtom
 0001:00005DD0       GlobalFindAtom
 0002:0000486C       GlobalFixupList
 0001:00017B84       GlobalFixupReferences
 0001:00005DD8       GlobalFree
 0001:000067DC       GlobalFreePtr
 0001:00005DE8       GlobalHandle
 0001:00005DE0       GlobalLock
 0001:00005DF0       GlobalMemoryStatus
 0002:00004850       GlobalNameSpace
 0001:00005DF8       GlobalReAlloc
 0001:000067C0       GlobalReAllocPtr
 0002:00005184       GlobalSendValues
 0001:00005E00       GlobalUnlock
 0002:00004F20       Global_AttachedFiles
 0002:00004F0C       Global_CurrentEvent
 0002:00004F18       Global_CustomData
 0002:00004EF0       Global_ExceptionRecord
 0002:00004EED       Global_Execute
 0002:00004F24       Global_FieldsName
 0002:00004F28       Global_FieldsValue
 0002:00004EEE       Global_Handled
 0002:00004F1C       Global_HModule
 0002:00002188       Global_IntoHandleException
 0002:00004F2C       Global_IntraWebText
 0002:00004F14       Global_LastInitPassword
 0002:00004F10       Global_Password
 0002:00004EEF       Global_Retry
 0002:00004F30       Global_WebTextID
 0001:00048FB8       GoNotify
 0001:0005562C       Graphics
 0001:0005CA50       GraphUtil
 0001:0008BB7C       GridRect
 0001:000937BC       Grids
 0001:00014538       GroupDescendentsWith
 0001:0004AF14       HandleAnyExceptionAddr
 0002:00004DC8       HandleAnyExceptionAddr_Variable
 0001:0004AFB8       HandleAutoExceptionAddr
 0002:00004DD0       HandleAutoExceptionAddr_Variable
 0001:000307F8       HandleBackgroundState
 0001:00081A10       HandleEdge
 0001:0001914C       HandleException
 0001:0004AF60       HandleOnExceptionAddr
 0002:00004DCC       HandleOnExceptionAddr_Variable
 0002:00000028       HeapAllocFlags
 0002:000045C8       heapErrorCode
 0002:000045CC       heapLock
 0001:0005738C       HelpIntfs
 0002:000056A8       HelpManager
 0002:000057E8       HelpMsg
 0002:00000134       HexDisplayPrefix
 0002:000025A8       HideSelections
 0001:0006FB08       HideZone
 0002:00004668       HInstance
 0002:000058B8       HintDoneEvent
 0001:000843B0       HintGetMsgHook
 0002:000058BC       HintHook
 0001:00084354       HintMouseThread
 0002:000058C0       HintThread
 0002:000058B4       HintThreadID
 0001:00084300       HintTimerProc
 0002:00002D68       HintWindowClass
 0002:00005714       HitTestThemeBackground
 0001:0000679C       HiWord
 0001:00038100       HookBPLProcedure
 0001:00021CCC       HookDllProcedure
 0001:00049884       HookedCreateThread
 0001:00049294       HookedExceptionObject
 0001:00049428       HookedExceptProc
 0001:00049C4C       HookedExitThread
 0001:00049CEC       HookedHttpExtensionProc
 0002:000048BC       HookedMethodsList
 0002:000048B4       HookedProcedures
 0001:00049218       HookedRaise
 0001:00049A88       HookedResumeThread
 0001:00049640       HookedRTLThreadProc
 0001:00049370       HookedRtlUnwind
 0001:000494F4       HookedThreadExecute
 0001:00049760       HookedThreadProc
 0001:00049CB8       HookedWriteClientProc
 0001:00049398       HookedWriteFile
 0001:0004A5D0       Hooked_CGIHandleServerException
 0001:0004A6E4       Hooked_CLXHandleException
 0001:0004A714       Hooked_CLXShowException
 0001:0004AA7C       Hooked_IndyThreadHandleException
 0001:0004A768       Hooked_IntraWebCreateServer
 0001:0004A8C4       Hooked_IntraWebSendResponse
 0001:0004A600       Hooked_ISAPIHandleServerException
 0001:0004A9F0       Hooked_NTServiceLogMessage
 0001:0004A630       Hooked_VCLHandleException
 0001:0004A6A4       Hooked_VCLShowException
 0001:000843F4       HookHintHooks
 0001:0004B624       HookingModuleName
 0001:0004B648       HookingRTLModuleName
 0001:0004B034       HookLastFInit
 0001:0004B018       HookLastInit
 0001:000218B0       HookProcedure
 0001:000219C0       HookProcedureEx
 0001:00038068       HookSymbolProcedure
 0001:0002112C       HookVirtualMethod
 0001:0004B044       Hook_InitializationAndFinalization
 0001:0004B1DC       Hook_OnExceptionEvents
 0001:00041070       HostName
 0002:0000467C       HtmlHelpModule
 0001:00020D14       htons
 0002:00004D04       HttpAddRequestHeaders
 0002:00004D14       HttpEndRequest
 0002:00004D00       HttpOpenRequest
 0002:00004D18       HttpQueryInfo
 0002:00004D08       HttpSendRequest
 0002:00004D0C       HttpSendRequestEx
 0001:0002BAE0       HTTPUploadFiles
 0001:000068E0       HwndMSWheel
 0002:00002CF4       IBreaks
 0002:00002D00       IChecks
 0002:000021EC       IDATHeader
 0001:0003F500       IDATWrite
 0002:00002D08       IDefaults
 0001:0004E2E4       IdentToCharset
 0001:0004E0DC       IdentToColor
 0001:000617EC       IdentToCursor
 0001:00014720       IdentToInt
 0002:000058C4       IdleTimerHandle
 0001:000867D4       IdleTimerProc
 0002:00002D10       IEnables
 0001:00031770       ifelseStr
 0001:000779AC       IfHotkeyAvailable
 0001:000317E8       ifStr
 0002:00005890       ImageListWriteExProc
 0001:0002FFE8       ImageList_Add
 0001:00055A28       ImageList_Add
 0001:00055A58       ImageList_BeginDrag
 0001:0002FFE0       ImageList_Create
 0001:00055A10       ImageList_Create
 0001:00055A18       ImageList_Destroy
 0001:0002FFF0       ImageList_Destroy
 0001:00055A68       ImageList_DragEnter
 0001:00055A70       ImageList_DragLeave
 0001:00055A78       ImageList_DragMove
 0001:00055A80       ImageList_DragShowNolock
 0001:00055A40       ImageList_Draw
 0001:00055A48       ImageList_DrawEx
 0001:00055A60       ImageList_EndDrag
 0001:00055A38       ImageList_GetBkColor
 0001:00055A98       ImageList_GetIconSize
 0001:00055A20       ImageList_GetImageCount
 0001:00055A88       ImageList_Read
 0001:00055A50       ImageList_Remove
 0001:00055A30       ImageList_SetBkColor
 0001:00055AA0       ImageList_SetIconSize
 0001:00055A90       ImageList_Write
 0002:00002C64       Images
 0001:00073654       ImgList
 0001:00056294       Imm
 0002:00002C48       IMM32DLL
 0001:00070954       Imm32IsIME
 0002:00000188       IMSecsPerDay
 0002:00004EBC       InactiveThreads
 0001:0000F734       InBounds
 0001:0000F494       InBounds
 0001:00020790       IncludeLastBackslash
 0001:0008BC1C       Includes
 0001:0000F764       Increment
 0001:0000F4C4       Increment
 0002:00004EEC       IndyHooked
 0002:00004E08       IndyThread_HandleException
 0002:00004DEC       Indy_OnException
 0001:000255AC       inflate
 0001:0002644C       inflateEnd
 0001:00023A00       InflateInit
 0001:00025478       inflateInit_
 0001:000064C8       InflateRect
 0001:0002534C       inflateReset
 0001:0004C084       IniFiles
 0001:00023834       Init
 0001:0004B654       Init
 0001:00020C30       Init
 0001:00022120       Init
 0001:00000A64       InitAllocator
 0001:00055AE0       InitAnApi
 0002:00005694       InitApis
 0001:0004ACB8       InitCheckFreeze
 0001:000149C8       InitComponent
 0002:00004638       InitContext
 0001:000709F0       InitControls
 0001:00055094       InitDefFontData
 0001:0003F404       InitDeflate
 0001:0000D69C       InitDriveSpacePtr
 0001:0000C738       InitExceptions
 0001:0005746C       InitFlatSB
 0001:0005E59C       InitGlobals
 0001:00050878       InitializeBitmapInfoHeader
 0001:000003B0       InitializeCriticalSection
 0001:00005E08       InitializeCriticalSection
 0002:000045C4       initialized
 0002:00002178       Initialized
 0001:00057444       InitializeFlatSB
 0001:00005994       InitializeModule
 0001:0000E640       InitializeVarUtils
 0001:000705F8       InitIMM32
 0001:00014A70       InitInheritedComponent
 0001:00029644       InitKey
 0001:0000CFC8       InitLeadBytes
 0001:0002ADA4       InitLib
 0001:000561B8       InitMultiMonStubs
 0001:0000C83C       InitPlatformId
 0002:00004044       InitProc
 0001:000876A4       InitProcs
 0001:00055018       InitScreenLogPixels
 0001:0003FD14       InitScreenshot
 0001:0000D024       InitSysLocale
 0001:00057A94       InitThemeLibrary
 0001:0001AABC       InitThreadSynchronization
 0001:00005910       InitThreadTLS
 0001:0000343C       InitUnits
 0001:00061478       InitWndProc
 0002:00002BE8       InnerStyles
 0002:00004050       Input
 0001:00067210       InsertBefore
 0001:00083DA0       InsertBefore
 0001:0003A9E0       InsertColumn
 0001:00000E78       InsertFree
 0001:00077A60       InsertHotkeyFarEastFormat
 0001:000064D0       InsertMenu
 0001:000064D8       InsertMenuItem
 0001:0004B63C       InstanceModuleName
 0002:0000488C       InstBlockList
 0002:00004890       InstFreeList
 0002:00004860       IntConstList
 0001:00005C70       InterlockedDecrement
 0001:0000D704       InterlockedDecrement
 0001:00000354       InterlockedDecrement
 0001:00005C78       InterlockedExchange
 0001:0000D710       InterlockedExchange
 0001:0000D718       InterlockedExchangeAdd
 0001:00005C80       InterlockedIncrement
 0001:0000D6F8       InterlockedIncrement
 0001:0000034C       InterlockedIncrement
 0001:000224B0       InternalCleanup
 0001:00001D74       InternalClose
 0001:00033330       InternalCriticalError
 0001:0004D7E8       InternalDeletePalette
 0002:00004E94       InternalErrorCode
 0002:00004E98       InternalErrorMsg
 0001:000478CC       InternalExceptNotify
 0001:00034E08       InternalFileExists
 0001:00001F50       InternalFlush
 0001:00000CD4       InternalFreeMem
 0001:000509CC       InternalGetDIB
 0001:0005095C       InternalGetDIBSizes
 0002:000048A4       InternalIntoIDE
 0001:00014860       InternalReadComponentRes
 0001:000404E8       InternalSendMail
 0002:000057BC       InternalServices
 0001:00022490       InternalStartup
 0001:00003CD0       InternalUniqueString
 0002:00004D1C       InternetCloseHandle
 0002:00004CFC       InternetConnect
 0002:00004D34       InternetGetConnectedState
 0002:00004D28       InternetGetLastResponseInfo
 0002:00004CF8       InternetOpen
 0002:00004D2C       InternetOpenUrl
 0002:00004D30       InternetReadFile
 0002:00004D20       InternetSetOption
 0002:00004D10       InternetWriteFile
 0001:00006098       IntersectClipRect
 0001:000064E0       IntersectRect
 0002:00004E25       IntoFinalization
 0001:0001E530       IntoIDE
 0002:00004E24       IntoInitialization
 0002:00004E2C       IntraWebApplication
 0002:00004E30       IntraWebServerController
 0001:0004B0FC       IntraWeb_BPL
 0002:00004DE0       IntraWeb_CreateServer
 0002:00004E38       IntraWeb_NewEvent
 0001:00048F60       IntraWeb_OnExceptionEvent
 0001:00048F0C       IntraWeb_OnExceptionEvent_New
 0001:00048EB4       IntraWeb_OnExceptionEvent_Old
 0002:00004DE8       IntraWeb_OnException_New
 0002:00004DE4       IntraWeb_OnException_Old
 0002:00004DF8       IntraWeb_SendResponse
 0002:00004DF4       IntraWeb_ShowMessage
 0002:00004E34       IntraWeb_Version
 0001:00008074       IntToHex
[...]
 0002:0000469C       TimeAMString
 0002:000046A0       TimePMString
 0002:000046A4       ShortTimeFormat
 0002:000046A8       LongTimeFormat
 0002:000046AC       ShortMonthNames
 0002:000046DC       LongMonthNames
 0002:0000470C       ShortDayNames
 0002:00004728       LongDayNames
 0002:00004744       SysLocale
 0002:00004752       ListSeparator
 0002:00004754       EraNames
 0002:00004770       EraYearOffsets
 0002:0000478C       TrueBoolStrs
 0002:00004790       FalseBoolStrs
 0002:00004794       .35
 0002:00004798       OutOfMemory
 0002:0000479C       InvalidPointer
 0002:000047A0       FLanguages
 0002:000047A4       .1
 0002:000047A8       VariantChangeTypeEx
 0002:000047AC       VarNeg
 0002:000047B0       VarNot
 0002:000047B4       VarAdd
 0002:000047B8       VarSub
 0002:000047BC       VarMul
 0002:000047C0       VarDiv
 0002:000047C4       VarIDiv
 0002:000047C8       VarMod
 0002:000047CC       VarAnd
 0002:000047D0       VarOr
 0002:000047D4       VarXor
 0002:000047D8       VarCmp
 0002:000047DC       VarI4FromStr
 0002:000047E0       VarR4FromStr
 0002:000047E4       VarR8FromStr
 0002:000047E8       VarDateFromStr
 0002:000047EC       VarCyFromStr
 0002:000047F0       VarBoolFromStr
 0002:000047F4       VarBstrFromCy
 0002:000047F8       VarBstrFromDate
 0002:000047FC       VarBstrFromBool
 0002:00004800       .5
 0002:00004804       EmptyParam
 0002:00004814       VarDispProc
 0002:00004818       ClearAnyProc
 0002:0000481C       ChangeAnyProc
 0002:00004820       RefAnyProc
 0002:00004824       .81
 0002:00004828       LVarTypes
 0002:0000482C       LVarTypeSync
 0002:00004844       .1
 0002:00004848       .6
 0002:0000484C       .3
 0002:00004850       GlobalNameSpace
 0002:00004854       IsUniqueGlobalComponentNameProc
 0002:00004858       SyncEvent
 0002:0000485C       .95
 0002:00004860       IntConstList
 0002:00004864       RegGroups
 0002:00004868       FindGlobalComponentProcs
 0002:0000486C       GlobalFixupList
 0002:00004870       ThreadLock
 0002:00004888       ThreadCount
 0002:0000488C       InstBlockList
 0002:00004890       InstFreeList
 0002:00004894       .1
 0002:00004898       .4
 0002:0000489C       LastEurekaVersion
 0002:000048A0       .2
 0002:000048A4       InternalIntoIDE
 0002:000048A8       .1
 0002:000048AC       .1
 0002:000048B0       .1
 0002:000048B4       HookedProcedures
 0002:000048B8       DllList
 0002:000048BC       HookedMethodsList
 0002:000048C0       .1
 0002:000048C4       .4
 0002:000048C8       .2
 0002:000048CC       .1
 0002:000048D0       CV
 0002:000048D8       KeyData
 0002:000048E8       .1
 0002:000048EC       .3
 0002:000048F0       crc_table
 0002:00004CF0       .1
 0002:00004CF4       NetLib
 0002:00004CF8       InternetOpen
 0002:00004CFC       InternetConnect
 0002:00004D00       HttpOpenRequest
 0002:00004D04       HttpAddRequestHeaders
 0002:00004D08       HttpSendRequest
 0002:00004D0C       HttpSendRequestEx
 0002:00004D10       InternetWriteFile
 0002:00004D14       HttpEndRequest
 0002:00004D18       HttpQueryInfo
 0002:00004D1C       InternetCloseHandle
 0002:00004D20       InternetSetOption
 0002:00004D24       FtpOpenFile
 0002:00004D28       InternetGetLastResponseInfo
 0002:00004D2C       InternetOpenUrl
 0002:00004D30       InternetReadFile
 0002:00004D34       InternetGetConnectedState
 0002:00004D38       .3
 0002:00004D3C       .3
 0002:00004D40       .2
 0002:00004D44       ExceptionNotify
 0002:00004D48       ExceptionActionNotify
 0002:00004D4C       ExceptionErrorNotify
 0002:00004D50       PasswordRequest
 0002:00004D54       CustomDataRequest
 0002:00004D58       AttachedFilesRequest
 0002:00004D5C       CustomFieldsRequest
 0002:00004D60       .8
 0002:00004D64       Kernel_RaiseException
 0002:00004D68       Kernel_RtlUnwind
 0002:00004D6C       Kernel_CreateThread
 0002:00004D70       Kernel_ResumeThread
 0002:00004D74       Kernel_ExitThread
 0002:00004D78       Kernel_WriteFile
 0002:00004D7C       ISAPI_HttpExtensionProc
 0002:00004D80       ISAPI_WriteClientProc
 0002:00004D84       ISAPI_Proc
 0002:00004D88       ServerECB
 0002:00004D8C       ExceptionCriticalSection
 0002:00004DA4       OldExceptProc
 0002:00004DA8       ThreadsList
 0002:00004DAC       StartingDate
 0002:00004DB4       OldExceptObjProc
 0002:00004DB8       CurrentOptions
 0002:00004DBC       CGIOutputFile
 0002:00004DC0       LanguageStr
 0002:00004DC4       ExceptionNumber
 0002:00004DC8       HandleAnyExceptionAddr_Variable
 0002:00004DCC       HandleOnExceptionAddr_Variable
 0002:00004DD0       HandleAutoExceptionAddr_Variable
 0002:00004DD4       TerminateApplication
 0002:00004DD8       LastInitializationPtr
 0002:00004DDC       LastFinalizationPtr
 0002:00004DE0       IntraWeb_CreateServer
 0002:00004DE4       IntraWeb_OnException_Old
 0002:00004DE8       IntraWeb_OnException_New
 0002:00004DEC       Indy_OnException
 0002:00004DF4       IntraWeb_ShowMessage
 0002:00004DF8       IntraWeb_SendResponse
 0002:00004DFC       VCLHandleException
 0002:00004E00       VCLShowException
 0002:00004E04       NTService_LogMessage
 0002:00004E08       IndyThread_HandleException
 0002:00004E0C       CGIHandleException
 0002:00004E10       ISAPIHandleException
 0002:00004E14       CLXHandleException
 0002:00004E18       CLXShowException
 0002:00004E1C       LastHTMLPage
 0002:00004E20       LastInitPointer
 0002:00004E24       IntoInitialization
 0002:00004E25       IntoFinalization
 0002:00004E28       OriginalThreadProc
 0002:00004E2C       IntraWebApplication
 0002:00004E30       IntraWebServerController
 0002:00004E34       IntraWeb_Version
 0002:00004E38       IntraWeb_NewEvent
 0002:00004E3C       CurrentGeneralErrorText
 0002:00004E40       CurrentCPUErrorText
 0002:00004E44       OnlySafeCallExceptions
 0002:00004E45       CanHookLibraries
 0002:00004E48       FreezeThread
 0002:00004E4C       MainThreadHandle
 0002:00004E50       MainThreadTopOfStack
 0002:00004E54       LastExceptAddr
 0002:00004E58       RaisedExceptAddr
 0002:00004E5C       LastExceptThreadID
 0002:00004E60       LastExceptObject
 0002:00004E64       LastDelphiException
 0002:00004E68       LastExceptMessage
 0002:00004E6C       CustomExceptMessage
 0002:00004E70       LastExceptionRecord
 0002:00004E74       LastExceptionLog
 0002:00004E78       LastLog
 0002:00004E7C       CanSendEmail_Show
 0002:00004E7D       CanAttachScreenshot_Show
 0002:00004E7E       CanCopy_Show
 0002:00004E7F       CanSupport_Show
 0002:00004E80       CanSendMessage
 0002:00004E81       CanAttachScreenshot
 0002:00004E82       CanCopy
 0002:00004E83       DuplicatedException
 0002:00004E84       StartDir
 0002:00004E88       SynchronizeExcept
 0002:00004E8C       SynchronizeRaise
 0002:00004E90       ThreadWrapperAddr
 0002:00004E94       InternalErrorCode
 0002:00004E98       InternalErrorMsg
 0002:00004E9C       EurekaLogList
 0002:00004EA0       CurrentRequestValue
 0002:00004EA4       ThreadsCriticalSection
 0002:00004EBC       InactiveThreads
 0002:00004EC0       ActivateEurekaLog
 0002:00004EC1       NotLoadDebugInfo
 0002:00004EC4       ModuleInfoHandle
 0002:00004EC8       ModuleInfoData
 0002:00004ECC       AutoCloseTimer
 0002:00004ED0       CurrentDialog
 0002:00004ED4       UseTopMost
 0002:00004ED8       ExceptionsTime
 0002:00004EDC       ExceptionTime
 0002:00004EE4       DbgSection
 0002:00004EE8       CurrentProcessWindowsList
 0002:00004EEC       IndyHooked
 0002:00004EED       Global_Execute
 0002:00004EEE       Global_Handled
 0002:00004EEF       Global_Retry
 0002:00004EF0       Global_ExceptionRecord
 0002:00004F0C       Global_CurrentEvent
 0002:00004F10       Global_Password
 0002:00004F14       Global_LastInitPassword
 0002:00004F18       Global_CustomData
 0002:00004F1C       Global_HModule
 0002:00004F20       Global_AttachedFiles
 0002:00004F24       Global_FieldsName
 0002:00004F28       Global_FieldsValue
 0002:00004F2C       Global_IntraWebText
 0002:00004F30       Global_WebTextID
 0002:00004F34       Cached_LogFile
 0002:00004F38       ExceptionModuleText
 0002:00004F3C       ExceptionAddressText
 0002:00004F40       ExceptionTypeText
 0002:00004F44       ExceptionMsgText
 0002:00004F48       fDlgBack
 0002:00004F4C       fMemoBack
 0002:00004F50       fActive
 0002:00004F54       fCaptionFont
 0002:00004F58       fVariableFont
 0002:00004F5C       fFixedFont1
 0002:00004F60       fFixedFont2
 0002:00004F64       fLinkFont
 0002:00004F68       FixedFontSize
 0002:00004F6C       CaptionFontName
 0002:00004F70       FixedFontName1
 0002:00004F74       FixedFontName2
 0002:00004F78       NonClientMetrics
 0002:000050CC       fMonitor
 0002:000050D0       fMonitorInfo
 0002:000050E8       fListViewItems
 0002:000050EC       rSupport
 0002:000050FC       SupportLinkActive
 0002:00005100       OriginalWidth
 0002:00005104       OriginalHeight
 0002:00005108       RealLeft
 0002:0000510C       RealTop
 0002:00005110       RealWidth
 0002:00005114       RealHeight
 0002:00005118       ListWidth
 0002:0000511C       ListHeight
 0002:00005120       TextWidth
 0002:00005124       LeftButton
 0002:00005128       TopButton
 0002:0000512C       WindowState
 0002:00005130       ColWidths
 0002:00005170       DetailsActive
 0002:00005174       MainDialog
 0002:00005178       IsDialogShowed
 0002:0000517C       DialogHeight
 0002:00005180       CAPTION_HEIGHT
 0002:00005184       GlobalSendValues
 0002:0000519C       SavedLastHTMLPage
 0002:000051A0       PNG_ColoursCount
 0002:000051A4       PNG_RowBytes
 0002:000051A8       PNG_DataSize
 0002:000051AC       PNG_ImgData
 0002:000051B0       PNG_Data
 0002:000051B4       PNG_HeaderData
 0002:000051C4       PNG_Encode_Filter
 0002:000051C8       PNG_Encode_Data
 0002:000051CC       PNG_CRCList
 0002:000055CC       PNG_pal
 0002:000055D0       PNG_UsePal
 0002:000055D4       PNG_HWindow
 0002:000055D8       PNG_FocusWnd
 0002:000055DC       PNG_Cursor
 0002:000055E0       PNG_DCScreen
 0002:000055E4       PNG_DCCompatible
 0002:000055E8       PNG_Bitmap
 0002:000055EC       PNG_Width
 0002:000055F0       PNG_Height
 0002:000055F4       .8
 0002:000055F8       .5
 0002:000055FC       .1
 0002:00005600       SystemPalette16
 0002:00005604       .12
 0002:00005608       ScreenLogPixels
 0002:0000560C       StockPen
 0002:00005610       StockBrush
 0002:00005614       StockFont
 0002:00005618       StockIcon
 0002:0000561C       BitmapImageLock
 0002:00005634       CounterLock
 0002:0000564C       FontManager
 0002:00005650       PenManager
 0002:00005654       BrushManager
 0002:00005658       CanvasList
 0002:0000565C       PatternManager
 0002:00005660       .2
 0002:00005664       .31
 0002:00005668       .1
 0002:0000566C       GetSystemMetrics
 0002:00005670       MonitorFromWindow
 0002:00005674       MonitorFromRect
 0002:00005678       MonitorFromPoint
 0002:0000567C       GetMonitorInfo
 0002:00005680       GetMonitorInfoA
 0002:00005684       GetMonitorInfoW
 0002:00005688       EnumDisplayMonitors
 0002:0000568C       .1
 0002:00005690       User32Dll
 0002:00005694       InitApis
 0002:0000569C       MMAvailable
 0002:000056A0       .1
 0002:000056A4       .2
 0002:000056A8       HelpManager
 0002:000056AC       .3
 0002:000056B0       .3
 0002:000056B4       FlatSB_EnableScrollBar
 0002:000056B8       FlatSB_ShowScrollBar
 0002:000056BC       FlatSB_GetScrollRange
 0002:000056C0       FlatSB_GetScrollInfo
 0002:000056C4       FlatSB_GetScrollPos
 0002:000056C8       FlatSB_SetScrollPos
 0002:000056CC       FlatSB_SetScrollInfo
 0002:000056D0       FlatSB_SetScrollRange
 0002:000056D4       .1
 0002:000056D8       _FlatSB_GetScrollProp
 0002:000056DC       _FlatSB_SetScrollProp
 0002:000056E0       _InitializeFlatSB
 0002:000056E4       _UninitializeFlatSB
 0002:000056E8       .7
 0002:000056EC       OpenThemeData
 0002:000056F0       CloseThemeData
 0002:000056F4       DrawThemeBackground
 0002:000056F8       DrawThemeText
 0002:000056FC       GetThemeBackgroundContentRect
 0002:00005700       GetThemeBackgroundExtent
 0002:00005704       GetThemePartSize
 0002:00005708       GetThemeTextExtent
 0002:0000570C       GetThemeTextMetrics
 0002:00005710       GetThemeBackgroundRegion
 0002:00005714       HitTestThemeBackground
 0002:00005718       DrawThemeEdge
 0002:0000571C       DrawThemeIcon
 0002:00005720       IsThemePartDefined
 0002:00005724       IsThemeBackgroundPartiallyTransparent
 0002:00005728       GetThemeColor
 0002:0000572C       GetThemeMetric
 0002:00005730       GetThemeString
 0002:00005734       GetThemeBool
 0002:00005738       GetThemeInt
 0002:0000573C       GetThemeEnumValue
 0002:00005740       GetThemePosition
 0002:00005744       GetThemeFont
 0002:00005748       GetThemeRect
 0002:0000574C       GetThemeMargins
 0002:00005750       GetThemeIntList
 0002:00005754       GetThemePropertyOrigin
 0002:00005758       SetWindowTheme
 0002:0000575C       GetThemeFilename
 0002:00005760       GetThemeSysColor
 0002:00005764       GetThemeSysColorBrush
 0002:00005768       GetThemeSysBool
 0002:0000576C       GetThemeSysSize
 0002:00005770       GetThemeSysFont
 0002:00005774       GetThemeSysString
 0002:00005778       GetThemeSysInt
 0002:0000577C       IsThemeActive
 0002:00005780       IsAppThemed
 0002:00005784       GetWindowTheme
 0002:00005788       EnableThemeDialogTexture
 0002:0000578C       IsThemeDialogTextureEnabled
 0002:00005790       GetThemeAppProperties
 0002:00005794       SetThemeAppProperties
 0002:00005798       GetCurrentThemeName
 0002:0000579C       GetThemeDocumentationProperty
 0002:000057A0       DrawThemeParentBackground
 0002:000057A4       EnableTheming
 0002:000057A8       .1
 0002:000057AC       ThemeLibrary
 0002:000057B0       ReferenceCount
 0002:000057B4       Lock
 0002:000057B8       .2
 0002:000057BC       InternalServices
 0002:000057C0       .42
 0002:000057C4       .1
 0002:000057C8       .1
 0002:000057CC       .1
 0002:000057D0       .1
 0002:000057D4       .1
 0002:000057D8       .2
 0002:000057DC       .32
 0002:000057E0       .1
 0002:000057E4       .11
 0002:000057E8       HelpMsg
 0002:000057EC       FindMsg
 0002:000057F0       CF_PICTURE
 0002:000057F2       CF_COMPONENT
 0002:000057F4       .2
 0002:000057F8       FClipboard
 0002:000057FC       .1
 0002:00005800       .83
 0002:00005804       Mouse
 0002:00005808       NewStyleControls
 0002:0000580C       .92
 0002:00005810       WindowAtom
 0002:00005812       ControlAtom
 0002:00005814       WindowAtomString
 0002:00005818       ControlAtomString
 0002:0000581C       RM_GetObjectInstance
 0002:00005820       DragControl
 0002:00005824       DragObject
 0002:00005828       DragInternalObject
 0002:0000582C       DragCapture
 0002:00005830       DragStartPos
 0002:00005838       DragSaveCursor
 0002:0000583C       DragThreshold
 0002:00005840       ActiveDrag
 0002:00005844       DragImageList
 0002:00005848       DockSiteList
 0002:0000584C       QualifyingSites
 0002:00005850       DragSave
 0002:00005854       CanvasList
 0002:00005858       _WINNLSEnableIME
 0002:0000585C       _ImmGetContext
 0002:00005860       _ImmReleaseContext
 0002:00005864       _ImmGetConversionStatus
 0002:00005868       _ImmSetConversionStatus
 0002:0000586C       _ImmSetOpenStatus
 0002:00005870       _ImmSetCompositionWindow
 0002:00005874       _ImmSetCompositionFont
 0002:00005878       _ImmGetCompositionString
 0002:0000587C       _ImmIsIME
 0002:00005880       _ImmNotifyIME
 0002:00005884       .9
 0002:00005888       .3
 0002:0000588C       CachedComCtrlVer
 0002:00005890       ImageListWriteExProc
 0002:00005894       PopupList
 0002:00005898       ShortCutItems
 0002:0000589C       .01
 0002:000058A0       CommandPool
 0002:000058A4       Application
 0002:000058A8       Screen
 0002:000058AC       .41
 0002:000058B0       RM_TaskbarCreated
 0002:000058B4       HintThreadID
 0002:000058B8       HintDoneEvent
 0002:000058BC       HintHook
 0002:000058C0       HintThread
 0002:000058C4       IdleTimerHandle
 0002:000058C8       .2
 0002:000058CC       .5
 0002:000058D0       .11
 0002:000058D4       .1
 0002:000058D8       Form1
 0002:000058DC       .2


Line numbers for SysConst(SysConst.pas) segment .text

   184 0001:00006D60   184 0001:00006D67

Line numbers for RTLConsts(RTLConsts.pas) segment .text

   322 0001:00011530   322 0001:00011537

Line numbers for Consts(Consts.pas) segment .text

   355 0001:0004C8B4   355 0001:0004C8BB

Line numbers for EncdDecd(EncdDecd.pas) segment .text

    64 0001:000937C4    65 0001:000937CA    67 0001:000937EC    68 0001:000937F2
    70 0001:000937FB    71 0001:000937FD    73 0001:0009381B    75 0001:00093824
    76 0001:00093826    78 0001:00093845   134 0001:0009384C   137 0001:00093858
   138 0001:00093869   140 0001:0009386C   142 0001:0009388A   147 0001:000938A0
   153 0001:000938A8   154 0001:000938AF   156 0001:000938B1   157 0001:000938B3
   158 0001:000938CC   159 0001:000938D9   160 0001:000938DB   161 0001:000938DD
   163 0001:000938E1   165 0001:00093903   166 0001:00093904   167 0001:00093908
   168 0001:0009391F   171 0001:00093923   161 0001:00093924   173 0001:00093928
   174 0001:00093936   175 0001:00093938   177 0001:00093940   179 0001:00093952
   183 0001:00093959   184 0001:00093963   185 0001:00093966   186 0001:0009396C
   187 0001:00093971   189 0001:00093979   190 0001:00093986   191 0001:00093988
   193 0001:0009398E   194 0001:00093995   195 0001:00093996   196 0001:00093999
   191 0001:0009399A   198 0001:000939A0   199 0001:000939A3   187 0001:000939A7
   201 0001:000939AF   202 0001:000939C3   203 0001:000939C9   292 0001:00093A00
   292 0001:00093A07

Line numbers for Unit1(Unit1.pas) segment .text

    38 0001:00093BF8    40 0001:00093C16    43 0001:00093C29    44 0001:00093C4B
    45 0001:00093C59    46 0001:00093C67    47 0001:00093C73    48 0001:00093C7E
    49 0001:00093CCB    50 0001:00093CDE    51 0001:00093CE9    52 0001:00093CF4
    53 0001:00093CFD    54 0001:00093D08    55 0001:00093D1D    56 0001:00093D28
    57 0001:00093D54    58 0001:00093D5B    59 0001:00093D62    64 0001:00093DA8
    72 0001:00093E00    73 0001:00093E38    74 0001:00093E49    75 0001:00093E57
    76 0001:00093E62    77 0001:00093E74    79 0001:00093E82    80 0001:00093E93
    82 0001:00093E9A    84 0001:00093E9F    85 0001:00093EC0    86 0001:00093EDE
    87 0001:00093EFC    88 0001:00093F1A    89 0001:00093F38    90 0001:00093F56
    91 0001:00093F74    92 0001:00093F92    93 0001:00093FB0    94 0001:00093FCE
    95 0001:00093FEC    96 0001:0009400A    97 0001:00094028    99 0001:00094046
   102 0001:00094064   104 0001:00094082   105 0001:000940A0   106 0001:000940BE
   107 0001:000940DC   108 0001:000940FA   112 0001:0009411D   111 0001:00094139
   115 0001:0009414A   117 0001:00094168   120 0001:0009419D   121 0001:000941A5
   122 0001:000941B7   123 0001:000941C6   124 0001:000941D2   125 0001:000941E6
   127 0001:000941FF   129 0001:0009423C   134 0001:000943CC   134 0001:000943D3

Line numbers for Test8010(C:\Users\WIN7-VBOX\Documents\Borland Studio Projects\Test8010\Test8010.dpr) segment .text

    10 0001:00094634    11 0001:00094644    12 0001:00094650    13 0001:00094668
    14 0001:00094674

Bound resource files

C:\Program Files (x86)\EurekaLog 5\Delphi9\DIALOG.RES
c:\program files (x86)\borland\bds\3.0\lib\Controls.res
Unit1.dfm
Test8010.res
Test8010.drf


Program entry point at 0001:00094634
